18:51:03 **** Incremental Build of configuration Debug for project Uart ****
make -j12 all 
arm-none-eabi-gcc "../Core/Src/main.c" -mcpu=cortex-m4 -std=gnu11 -g3 -DDEBUG -DUSE_FULL_LL_DRIVER -DUSE_HAL_DRIVER -DSTM32G431xx -c -I../Core/Inc -I../Drivers/STM32G4xx_HAL_Driver/Inc -I../Drivers/STM32G4xx_HAL_Driver/Inc/Legacy -I../Drivers/CMSIS/Device/ST/STM32G4xx/Include -I../Drivers/CMSIS/Include -O0 -ffunction-sections -fdata-sections -Wall -fstack-usage -fcyclomatic-complexity -MMD -MP -MF"Core/Src/main.d" -MT"Core/Src/main.o" --specs=nano.specs -mfpu=fpv4-sp-d16 -mfloat-abi=hard -mthumb -o "Core/Src/main.o"
arm-none-eabi-gcc -o "Uart.elf" @"objects.list"   -mcpu=cortex-m4 -T"C:\Users\conor\OneDrive\Desktop\Random_uni\fyp\Newnametest\STM32G431RBTX_FLASH.ld" --specs=nosys.specs -Wl,-Map="Uart.map" -Wl,--gc-sections -static --specs=nano.specs -mfpu=fpv4-sp-d16 -mfloat-abi=hard -mthumb -Wl,--start-group -lc -lm -Wl,--end-group
Finished building target: Uart.elf
 
arm-none-eabi-size  Uart.elf 
arm-none-eabi-objdump -h -S Uart.elf  > "Uart.list"
   text	   data	    bss	    dec	    hex	filename
  21620	     12	   2876	  24508	   5fbc	Uart.elf
Finished building: default.size.stdout
 
Finished building: Uart.list
 

18:51:05 Build Finished. 0 errors, 0 warnings. (took 1s.729ms)

