../Drivers/STM32G4xx_HAL_Driver/Inc/stm32g4xx_ll_bus.h:451:22:LL_AHB2_GRP1_EnableClock	24	static
../Drivers/STM32G4xx_HAL_Driver/Inc/stm32g4xx_ll_bus.h:935:22:LL_APB1_GRP2_EnableClock	24	static
../Core/Src/main.c:86:5:main	8	static
../Core/Src/main.c:138:6:SystemClock_Config	88	static
../Core/Src/main.c:185:13:MX_ADC1_Init	56	static
../Core/Src/main.c:253:13:MX_ADC2_Init	40	static
../Core/Src/main.c:312:13:MX_DAC1_Init	56	static
../Core/Src/main.c:366:13:MX_I2C1_Init	8	static
../Core/Src/main.c:414:13:MX_SPI1_Init	8	static
../Core/Src/main.c:454:13:MX_SPI3_Init	8	static
../Core/Src/main.c:494:13:MX_UCPD1_Init	32	static
../Core/Src/main.c:535:13:MX_USART2_Init	8	static
../Core/Src/main.c:583:13:MX_USB_PCD_Init	8	static
../Core/Src/main.c:616:13:MX_GPIO_Init	24	static
../Core/Src/main.c:639:6:Error_Handler	4	static,ignoring_inline_asm
