Archive member included to satisfy reference by file (symbol)

/usr/lib/gcc/arm-none-eabi/10.3.1/../../../arm-none-eabi/lib/thumb/v7e-m+fp/hard/libc_nano.a(lib_a-atexit.o)
                              /usr/lib/gcc/arm-none-eabi/10.3.1/../../../arm-none-eabi/lib/thumb/v7e-m+fp/hard/crt0.o (atexit)
/usr/lib/gcc/arm-none-eabi/10.3.1/../../../arm-none-eabi/lib/thumb/v7e-m+fp/hard/libc_nano.a(lib_a-errno.o)
                              build/sysmem.o (__errno)
/usr/lib/gcc/arm-none-eabi/10.3.1/../../../arm-none-eabi/lib/thumb/v7e-m+fp/hard/libc_nano.a(lib_a-exit.o)
                              /usr/lib/gcc/arm-none-eabi/10.3.1/../../../arm-none-eabi/lib/thumb/v7e-m+fp/hard/crt0.o (exit)
/usr/lib/gcc/arm-none-eabi/10.3.1/../../../arm-none-eabi/lib/thumb/v7e-m+fp/hard/libc_nano.a(lib_a-fini.o)
                              /usr/lib/gcc/arm-none-eabi/10.3.1/../../../arm-none-eabi/lib/thumb/v7e-m+fp/hard/crt0.o (__libc_fini_array)
/usr/lib/gcc/arm-none-eabi/10.3.1/../../../arm-none-eabi/lib/thumb/v7e-m+fp/hard/libc_nano.a(lib_a-impure.o)
                              /usr/lib/gcc/arm-none-eabi/10.3.1/../../../arm-none-eabi/lib/thumb/v7e-m+fp/hard/libc_nano.a(lib_a-exit.o) (_global_impure_ptr)
/usr/lib/gcc/arm-none-eabi/10.3.1/../../../arm-none-eabi/lib/thumb/v7e-m+fp/hard/libc_nano.a(lib_a-init.o)
                              /usr/lib/gcc/arm-none-eabi/10.3.1/../../../arm-none-eabi/lib/thumb/v7e-m+fp/hard/crt0.o (__libc_init_array)
/usr/lib/gcc/arm-none-eabi/10.3.1/../../../arm-none-eabi/lib/thumb/v7e-m+fp/hard/libc_nano.a(lib_a-memset.o)
                              /usr/lib/gcc/arm-none-eabi/10.3.1/../../../arm-none-eabi/lib/thumb/v7e-m+fp/hard/crt0.o (memset)
/usr/lib/gcc/arm-none-eabi/10.3.1/../../../arm-none-eabi/lib/thumb/v7e-m+fp/hard/libc_nano.a(lib_a-snprintf.o)
                              build/main.o (snprintf)
/usr/lib/gcc/arm-none-eabi/10.3.1/../../../arm-none-eabi/lib/thumb/v7e-m+fp/hard/libc_nano.a(lib_a-__atexit.o)
                              /usr/lib/gcc/arm-none-eabi/10.3.1/../../../arm-none-eabi/lib/thumb/v7e-m+fp/hard/libc_nano.a(lib_a-atexit.o) (__register_exitproc)
/usr/lib/gcc/arm-none-eabi/10.3.1/../../../arm-none-eabi/lib/thumb/v7e-m+fp/hard/libc_nano.a(lib_a-__call_atexit.o)
                              /usr/lib/gcc/arm-none-eabi/10.3.1/../../../arm-none-eabi/lib/thumb/v7e-m+fp/hard/libc_nano.a(lib_a-__atexit.o) (__call_exitprocs)
/usr/lib/gcc/arm-none-eabi/10.3.1/../../../arm-none-eabi/lib/thumb/v7e-m+fp/hard/libc_nano.a(lib_a-nano-svfprintf.o)
                              /usr/lib/gcc/arm-none-eabi/10.3.1/../../../arm-none-eabi/lib/thumb/v7e-m+fp/hard/libc_nano.a(lib_a-snprintf.o) (_svfprintf_r)
/usr/lib/gcc/arm-none-eabi/10.3.1/../../../arm-none-eabi/lib/thumb/v7e-m+fp/hard/libc_nano.a(lib_a-nano-vfprintf_i.o)
                              /usr/lib/gcc/arm-none-eabi/10.3.1/../../../arm-none-eabi/lib/thumb/v7e-m+fp/hard/libc_nano.a(lib_a-nano-svfprintf.o) (_printf_i)
/usr/lib/gcc/arm-none-eabi/10.3.1/../../../arm-none-eabi/lib/thumb/v7e-m+fp/hard/libc_nano.a(lib_a-memchr.o)
                              /usr/lib/gcc/arm-none-eabi/10.3.1/../../../arm-none-eabi/lib/thumb/v7e-m+fp/hard/libc_nano.a(lib_a-nano-svfprintf.o) (memchr)
/usr/lib/gcc/arm-none-eabi/10.3.1/../../../arm-none-eabi/lib/thumb/v7e-m+fp/hard/libc_nano.a(lib_a-memcpy.o)
                              /usr/lib/gcc/arm-none-eabi/10.3.1/../../../arm-none-eabi/lib/thumb/v7e-m+fp/hard/libc_nano.a(lib_a-nano-svfprintf.o) (memcpy)
/usr/lib/gcc/arm-none-eabi/10.3.1/../../../arm-none-eabi/lib/thumb/v7e-m+fp/hard/libc_nano.a(lib_a-memmove.o)
                              /usr/lib/gcc/arm-none-eabi/10.3.1/../../../arm-none-eabi/lib/thumb/v7e-m+fp/hard/libc_nano.a(lib_a-nano-svfprintf.o) (memmove)
/usr/lib/gcc/arm-none-eabi/10.3.1/../../../arm-none-eabi/lib/thumb/v7e-m+fp/hard/libc_nano.a(lib_a-nano-freer.o)
                              /usr/lib/gcc/arm-none-eabi/10.3.1/../../../arm-none-eabi/lib/thumb/v7e-m+fp/hard/libc_nano.a(lib_a-nano-svfprintf.o) (_free_r)
/usr/lib/gcc/arm-none-eabi/10.3.1/../../../arm-none-eabi/lib/thumb/v7e-m+fp/hard/libc_nano.a(lib_a-nano-mallocr.o)
                              /usr/lib/gcc/arm-none-eabi/10.3.1/../../../arm-none-eabi/lib/thumb/v7e-m+fp/hard/libc_nano.a(lib_a-nano-svfprintf.o) (_malloc_r)
/usr/lib/gcc/arm-none-eabi/10.3.1/../../../arm-none-eabi/lib/thumb/v7e-m+fp/hard/libc_nano.a(lib_a-nano-reallocr.o)
                              /usr/lib/gcc/arm-none-eabi/10.3.1/../../../arm-none-eabi/lib/thumb/v7e-m+fp/hard/libc_nano.a(lib_a-nano-svfprintf.o) (_realloc_r)
/usr/lib/gcc/arm-none-eabi/10.3.1/../../../arm-none-eabi/lib/thumb/v7e-m+fp/hard/libc_nano.a(lib_a-sbrkr.o)
                              /usr/lib/gcc/arm-none-eabi/10.3.1/../../../arm-none-eabi/lib/thumb/v7e-m+fp/hard/libc_nano.a(lib_a-nano-mallocr.o) (_sbrk_r)
/usr/lib/gcc/arm-none-eabi/10.3.1/../../../arm-none-eabi/lib/thumb/v7e-m+fp/hard/libc_nano.a(lib_a-mlock.o)
[...]
Memory Configuration

Name             Origin             Length             Attributes
RAM              0x0000000020000000 0x0000000000008000 xrw
FLASH            0x0000000008000000 0x000000000001c000 xr
*default*        0x0000000000000000 0xffffffffffffffff

Linker script and memory map

LOAD /usr/lib/gcc/arm-none-eabi/10.3.1/thumb/v7e-m+fp/hard/crti.o
LOAD /usr/lib/gcc/arm-none-eabi/10.3.1/thumb/v7e-m+fp/hard/crtbegin.o
LOAD /usr/lib/gcc/arm-none-eabi/10.3.1/../../../arm-none-eabi/lib/thumb/v7e-m+fp/hard/crt0.o
LOAD build/main.o
LOAD build/gpio.o
LOAD build/adc.o
LOAD build/dac.o
LOAD build/i2c.o
LOAD build/rtc.o
LOAD build/spi.o
LOAD build/usart.o
LOAD build/ucpd.o
LOAD build/stm32g4xx_it.o
LOAD build/stm32g4xx_hal_msp.o
LOAD build/usb_device.o
LOAD build/usbd_desc.o
LOAD build/usbd_cdc_if.o
LOAD build/usbd_conf.o
LOAD build/stm32g4xx_ll_utils.o
LOAD build/stm32g4xx_ll_exti.o
LOAD build/stm32g4xx_hal_pcd.o
LOAD build/stm32g4xx_hal_pcd_ex.o
LOAD build/stm32g4xx_ll_usb.o
LOAD build/stm32g4xx_hal.o
LOAD build/stm32g4xx_hal_rcc.o
LOAD build/stm32g4xx_hal_rcc_ex.o
LOAD build/stm32g4xx_hal_flash.o
LOAD build/stm32g4xx_hal_flash_ex.o
LOAD build/stm32g4xx_hal_flash_ramfunc.o
LOAD build/stm32g4xx_hal_gpio.o
LOAD build/stm32g4xx_hal_exti.o
LOAD build/stm32g4xx_hal_dma.o
LOAD build/stm32g4xx_hal_dma_ex.o
LOAD build/stm32g4xx_hal_pwr.o
LOAD build/stm32g4xx_hal_pwr_ex.o
LOAD build/stm32g4xx_hal_cortex.o
LOAD build/stm32g4xx_hal_adc.o
LOAD build/stm32g4xx_hal_adc_ex.o
LOAD build/stm32g4xx_ll_adc.o
LOAD build/stm32g4xx_hal_dac.o
LOAD build/stm32g4xx_hal_dac_ex.o
LOAD build/stm32g4xx_hal_i2c.o
LOAD build/stm32g4xx_hal_i2c_ex.o
LOAD build/stm32g4xx_hal_rtc.o
LOAD build/stm32g4xx_hal_rtc_ex.o
LOAD build/stm32g4xx_hal_spi.o
LOAD build/stm32g4xx_hal_spi_ex.o
LOAD build/stm32g4xx_hal_tim.o
LOAD build/stm32g4xx_hal_tim_ex.o
LOAD build/stm32g4xx_hal_uart.o
LOAD build/stm32g4xx_hal_uart_ex.o
LOAD build/stm32g4xx_ll_ucpd.o
LOAD build/stm32g4xx_ll_gpio.o
LOAD build/stm32g4xx_ll_dma.o
LOAD build/system_stm32g4xx.o
LOAD build/usbd_core.o
LOAD build/usbd_ctlreq.o
LOAD build/usbd_ioreq.o
LOAD build/usbd_cdc.o
LOAD build/sysmem.o
LOAD build/syscalls.o
LOAD build/startup_stm32g431xx.o
LOAD /usr/lib/gcc/arm-none-eabi/10.3.1/../../../arm-none-eabi/lib/thumb/v7e-m+fp/hard/libc_nano.a
LOAD /usr/lib/gcc/arm-none-eabi/10.3.1/../../../arm-none-eabi/lib/thumb/v7e-m+fp/hard/libm.a
LOAD /usr/lib/gcc/arm-none-eabi/10.3.1/../../../arm-none-eabi/lib/thumb/v7e-m+fp/hard/libnosys.a
START GROUP
LOAD /usr/lib/gcc/arm-none-eabi/10.3.1/thumb/v7e-m+fp/hard/libgcc.a
LOAD /usr/lib/gcc/arm-none-eabi/10.3.1/../../../arm-none-eabi/lib/thumb/v7e-m+fp/hard/libc_nano.a
END GROUP
START GROUP
LOAD /usr/lib/gcc/arm-none-eabi/10.3.1/thumb/v7e-m+fp/hard/libgcc.a
LOAD /usr/lib/gcc/arm-none-eabi/10.3.1/../../../arm-none-eabi/lib/thumb/v7e-m+fp/hard/libc_nano.a
END GROUP
LOAD /usr/lib/gcc/arm-none-eabi/10.3.1/thumb/v7e-m+fp/hard/crtend.o
LOAD /usr/lib/gcc/arm-none-eabi/10.3.1/thumb/v7e-m+fp/hard/crtn.o
                0x0000000020008000                _estack = (ORIGIN (RAM) + LENGTH (RAM))
                0x0000000000000200                _Min_Heap_Size = 0x200
                0x0000000000000400                _Min_Stack_Size = 0x400

.isr_vector     0x0000000008000000      0x1d8
                0x0000000008000000                . = ALIGN (0x4)
 *(.isr_vector)
 .isr_vector    0x0000000008000000      0x1d8 build/startup_stm32g431xx.o
                0x0000000008000000                g_pfnVectors
                0x00000000080001d8                . = ALIGN (0x4)

.text           0x00000000080001e0     0x7c20
                0x00000000080001e0                . = ALIGN (0x4)
 *(.text)
 .text          0x00000000080001e0       0x88 /usr/lib/gcc/arm-none-eabi/10.3.1/thumb/v7e-m+fp/hard/crtbegin.o
 .text          0x0000000008000268        0xc /usr/lib/gcc/arm-none-eabi/10.3.1/../../../arm-none-eabi/lib/thumb/v7e-m+fp/hard/libc_nano.a(lib_a-errno.o)
                0x0000000008000268                __errno
 .text          0x0000000008000274       0x48 /usr/lib/gcc/arm-none-eabi/10.3.1/../../../arm-none-eabi/lib/thumb/v7e-m+fp/hard/libc_nano.a(lib_a-init.o)
                0x0000000008000274                __libc_init_array
 .text          0x00000000080002bc       0xa4 /usr/lib/gcc/arm-none-eabi/10.3.1/../../../arm-none-eabi/lib/thumb/v7e-m+fp/hard/libc_nano.a(lib_a-memset.o)
                0x00000000080002bc                memset
 .text          0x0000000008000360      0x108 /usr/lib/gcc/arm-none-eabi/10.3.1/../../../arm-none-eabi/lib/thumb/v7e-m+fp/hard/libc_nano.a(lib_a-snprintf.o)
                0x0000000008000360                _sniprintf_r
                0x0000000008000360                _snprintf_r
                0x00000000080003e0                snprintf
                0x00000000080003e0                sniprintf
 .text          0x0000000008000468      0x3f0 /usr/lib/gcc/arm-none-eabi/10.3.1/../../../arm-none-eabi/lib/thumb/v7e-m+fp/hard/libc_nano.a(lib_a-nano-svfprintf.o)
                0x0000000008000468                __ssputs_r
                0x000000000800052c                __ssprint_r
                0x0000000008000624                _svfprintf_r
                0x0000000008000624                _svfiprintf_r
 .text          0x0000000008000858      0x3dc /usr/lib/gcc/arm-none-eabi/10.3.1/../../../arm-none-eabi/lib/thumb/v7e-m+fp/hard/libc_nano.a(lib_a-nano-vfprintf_i.o)
                0x0000000008000858                _printf_common
                0x0000000008000984                _printf_i
 *fill*         0x0000000008000c34        0xc 
 .text          0x0000000008000c40       0xa0 /usr/lib/gcc/arm-none-eabi/10.3.1/../../../arm-none-eabi/lib/thumb/v7e-m+fp/hard/libc_nano.a(lib_a-memchr.o)
                0x0000000008000c40                memchr
 .text          0x0000000008000ce0      0x134 /usr/lib/gcc/arm-none-eabi/10.3.1/../../../arm-none-eabi/lib/thumb/v7e-m+fp/hard/libc_nano.a(lib_a-memcpy.o)
                0x0000000008000ce0                memcpy
 .text          0x0000000008000e14       0xf8 /usr/lib/gcc/arm-none-eabi/10.3.1/../../../arm-none-eabi/lib/thumb/v7e-m+fp/hard/libc_nano.a(lib_a-memmove.o)
                0x0000000008000e14                memmove
 .text          0x0000000008000f0c       0xc4 /usr/lib/gcc/arm-none-eabi/10.3.1/../../../arm-none-eabi/lib/thumb/v7e-m+fp/hard/libc_nano.a(lib_a-nano-freer.o)
                0x0000000008000f0c                _free_r
 .text          0x0000000008000fd0       0xb4 /usr/lib/gcc/arm-none-eabi/10.3.1/../../../arm-none-eabi/lib/thumb/v7e-m+fp/hard/libc_nano.a(lib_a-nano-mallocr.o)
                0x0000000008000fd0                _malloc_r
 .text          0x0000000008001084       0x50 /usr/lib/gcc/arm-none-eabi/10.3.1/../../../arm-none-eabi/lib/thumb/v7e-m+fp/hard/libc_nano.a(lib_a-nano-reallocr.o)
                0x0000000008001084                _realloc_r
 .text          0x00000000080010d4       0x24 /usr/lib/gcc/arm-none-eabi/10.3.1/../../../arm-none-eabi/lib/thumb/v7e-m+fp/hard/libc_nano.a(lib_a-sbrkr.o)
                0x00000000080010d4                _sbrk_r
 .text          0x00000000080010f8        0x8 /usr/lib/gcc/arm-none-eabi/10.3.1/../../../arm-none-eabi/lib/thumb/v7e-m+fp/hard/libc_nano.a(lib_a-mlock.o)
                0x00000000080010f8                __malloc_lock
                0x00000000080010fc                __malloc_unlock
 .text          0x0000000008001100       0x14 /usr/lib/gcc/arm-none-eabi/10.3.1/../../../arm-none-eabi/lib/thumb/v7e-m+fp/hard/libc_nano.a(lib_a-nano-msizer.o)
                0x0000000008001100                _malloc_usable_size_r
 .text          0x0000000008001114       0x30 /usr/lib/gcc/arm-none-eabi/10.3.1/thumb/v7e-m+fp/hard/libgcc.a(_aeabi_uldivmod.o)
                0x0000000008001114                __aeabi_uldivmod
 .text          0x0000000008001144      0x2d0 /usr/lib/gcc/arm-none-eabi/10.3.1/thumb/v7e-m+fp/hard/libgcc.a(_udivmoddi4.o)
                0x0000000008001144                __udivmoddi4
 .text          0x0000000008001414        0x4 /usr/lib/gcc/arm-none-eabi/10.3.1/thumb/v7e-m+fp/hard/libgcc.a(_dvmd_tls.o)
                0x0000000008001414                __aeabi_ldiv0
                0x0000000008001414                __aeabi_idiv0
 *(.text*)
 .text.Error_Handler
                0x0000000008001418        0x4 build/main.o
                0x0000000008001418                Error_Handler
 .text.SystemClock_Config
                0x000000000800141c       0x7a build/main.o
                0x000000000800141c                SystemClock_Config
 *fill*         0x0000000008001496        0x2 
 .text.main     0x0000000008001498       0x90 build/main.o
                0x0000000008001498                main
 .text.MX_GPIO_Init
                0x0000000008001528      0x148 build/gpio.o
                0x0000000008001528                MX_GPIO_Init
 .text.MX_ADC1_Init
                0x0000000008001670       0xa0 build/adc.o
                0x0000000008001670                MX_ADC1_Init
 .text.MX_ADC2_Init
                0x0000000008001710       0x88 build/adc.o
                0x0000000008001710                MX_ADC2_Init
 .text.HAL_ADC_MspInit
                0x0000000008001798      0x158 build/adc.o
                0x0000000008001798                HAL_ADC_MspInit
 .text.MX_DAC1_Init
                0x00000000080018f0       0x6c build/dac.o
                0x00000000080018f0                MX_DAC1_Init
 .text.HAL_DAC_MspInit
                0x000000000800195c       0x64 build/dac.o
                0x000000000800195c                HAL_DAC_MspInit
 .text.MX_I2C2_Init
                0x00000000080019c0       0x58 build/i2c.o
                0x00000000080019c0                MX_I2C2_Init
 .text.HAL_I2C_MspInit
                0x0000000008001a18       0xb4 build/i2c.o
                0x0000000008001a18                HAL_I2C_MspInit
 .text.MX_RTC_Init
                0x0000000008001acc       0x4c build/rtc.o
                0x0000000008001acc                MX_RTC_Init
 .text.HAL_RTC_MspInit
                0x0000000008001b18       0x60 build/rtc.o
                0x0000000008001b18                HAL_RTC_MspInit
 .text.MX_SPI1_Init
                0x0000000008001b78       0x4c build/spi.o
                0x0000000008001b78                MX_SPI1_Init
 .text.HAL_SPI_MspInit
                0x0000000008001bc4       0x8c build/spi.o
                0x0000000008001bc4                HAL_SPI_MspInit
 .text.MX_UART4_Init
                0x0000000008001c50       0x68 build/usart.o
                0x0000000008001c50                MX_UART4_Init
 .text.HAL_UART_MspInit
                0x0000000008001cb8       0x8c build/usart.o
                0x0000000008001cb8                HAL_UART_MspInit
 .text.MX_UCPD1_Init
                0x0000000008001d44       0x68 build/ucpd.o
                0x0000000008001d44                MX_UCPD1_Init
 .text.NMI_Handler
                0x0000000008001dac        0x2 build/stm32g4xx_it.o
                0x0000000008001dac                NMI_Handler
 .text.HardFault_Handler
                0x0000000008001dae        0x2 build/stm32g4xx_it.o
                0x0000000008001dae                HardFault_Handler
 .text.MemManage_Handler
                0x0000000008001db0        0x2 build/stm32g4xx_it.o
                0x0000000008001db0                MemManage_Handler
 .text.BusFault_Handler
                0x0000000008001db2        0x2 build/stm32g4xx_it.o
                0x0000000008001db2                BusFault_Handler
 .text.UsageFault_Handler
                0x0000000008001db4        0x2 build/stm32g4xx_it.o
                0x0000000008001db4                UsageFault_Handler
 .text.SVC_Handler
                0x0000000008001db6        0x2 build/stm32g4xx_it.o
                0x0000000008001db6                SVC_Handler
 .text.DebugMon_Handler
                0x0000000008001db8        0x2 build/stm32g4xx_it.o
                0x0000000008001db8                DebugMon_Handler
 .text.PendSV_Handler
                0x0000000008001dba        0x2 build/stm32g4xx_it.o
                0x0000000008001dba                PendSV_Handler
 .text.SysTick_Handler
                0x0000000008001dbc        0x8 build/stm32g4xx_it.o
                0x0000000008001dbc                SysTick_Handler
 .text.USB_LP_IRQHandler
                0x0000000008001dc4       0x10 build/stm32g4xx_it.o
                0x0000000008001dc4                USB_LP_IRQHandler
 .text.HAL_MspInit
                0x0000000008001dd4       0x30 build/stm32g4xx_hal_msp.o
                0x0000000008001dd4                HAL_MspInit
 .text.MX_USB_Device_Init
                0x0000000008001e04       0x54 build/usb_device.o
                0x0000000008001e04                MX_USB_Device_Init
 .text.USBD_CDC_DeviceDescriptor
                0x0000000008001e58        0xc build/usbd_desc.o
                0x0000000008001e58                USBD_CDC_DeviceDescriptor
 .text.USBD_CDC_LangIDStrDescriptor
                0x0000000008001e64        0xc build/usbd_desc.o
                0x0000000008001e64                USBD_CDC_LangIDStrDescriptor
 .text.IntToUnicode
                0x0000000008001e70       0x46 build/usbd_desc.o
 *fill*         0x0000000008001eb6        0x2 
 .text.Get_SerialNum
                0x0000000008001eb8       0x38 build/usbd_desc.o
 .text.USBD_CDC_SerialStrDescriptor
                0x0000000008001ef0       0x14 build/usbd_desc.o
                0x0000000008001ef0                USBD_CDC_SerialStrDescriptor
 .text.USBD_CDC_ProductStrDescriptor
                0x0000000008001f04       0x24 build/usbd_desc.o
                0x0000000008001f04                USBD_CDC_ProductStrDescriptor
 .text.USBD_CDC_ManufacturerStrDescriptor
                0x0000000008001f28       0x1c build/usbd_desc.o
                0x0000000008001f28                USBD_CDC_ManufacturerStrDescriptor
 .text.USBD_CDC_ConfigStrDescriptor
                0x0000000008001f44       0x24 build/usbd_desc.o
                0x0000000008001f44                USBD_CDC_ConfigStrDescriptor
 .text.USBD_CDC_InterfaceStrDescriptor
                0x0000000008001f68       0x24 build/usbd_desc.o
                0x0000000008001f68                USBD_CDC_InterfaceStrDescriptor
 .text.CDC_DeInit_FS
                0x0000000008001f8c        0x4 build/usbd_cdc_if.o
 .text.CDC_Control_FS
                0x0000000008001f90        0x4 build/usbd_cdc_if.o
 .text.CDC_TransmitCplt_FS
                0x0000000008001f94        0x4 build/usbd_cdc_if.o
 .text.CDC_Receive_FS
                0x0000000008001f98       0x1c build/usbd_cdc_if.o
 .text.CDC_Init_FS
                0x0000000008001fb4       0x28 build/usbd_cdc_if.o
 .text.CDC_Transmit_FS
                0x0000000008001fdc       0x2c build/usbd_cdc_if.o
                0x0000000008001fdc                CDC_Transmit_FS
 .text.USBD_Get_USB_Status
                0x0000000008002008       0x14 build/usbd_conf.o
 .text.SystemClockConfig_Resume
                0x000000000800201c        0x8 build/usbd_conf.o
 .text.HAL_PCD_MspInit
                0x0000000008002024       0x64 build/usbd_conf.o
                0x0000000008002024                HAL_PCD_MspInit
 .text.HAL_PCD_SetupStageCallback
                0x0000000008002088       0x10 build/usbd_conf.o
                0x0000000008002088                HAL_PCD_SetupStageCallback
 .text.HAL_PCD_DataOutStageCallback
                0x0000000008002098       0x18 build/usbd_conf.o
                0x0000000008002098                HAL_PCD_DataOutStageCallback
 .text.HAL_PCD_DataInStageCallback
                0x00000000080020b0       0x16 build/usbd_conf.o
                0x00000000080020b0                HAL_PCD_DataInStageCallback
 .text.HAL_PCD_SOFCallback
                0x00000000080020c6        0xc build/usbd_conf.o
                0x00000000080020c6                HAL_PCD_SOFCallback
 .text.HAL_PCD_ResetCallback
                0x00000000080020d2       0x24 build/usbd_conf.o
                0x00000000080020d2                HAL_PCD_ResetCallback
 *fill*         0x00000000080020f6        0x2 
 .text.HAL_PCD_SuspendCallback
                0x00000000080020f8       0x20 build/usbd_conf.o
                0x00000000080020f8                HAL_PCD_SuspendCallback
 .text.HAL_PCD_ResumeCallback
                0x0000000008002118       0x28 build/usbd_conf.o
                0x0000000008002118                HAL_PCD_ResumeCallback
 .text.USBD_LL_Init
                0x0000000008002140       0x88 build/usbd_conf.o
                0x0000000008002140                USBD_LL_Init
 .text.USBD_LL_Start
                0x00000000080021c8       0x10 build/usbd_conf.o
                0x00000000080021c8                USBD_LL_Start
 .text.USBD_LL_OpenEP
                0x00000000080021d8       0x16 build/usbd_conf.o
                0x00000000080021d8                USBD_LL_OpenEP
 .text.USBD_LL_CloseEP
                0x00000000080021ee       0x10 build/usbd_conf.o
                0x00000000080021ee                USBD_LL_CloseEP
 .text.USBD_LL_StallEP
                0x00000000080021fe       0x10 build/usbd_conf.o
                0x00000000080021fe                USBD_LL_StallEP
 .text.USBD_LL_ClearStallEP
                0x000000000800220e       0x10 build/usbd_conf.o
                0x000000000800220e                USBD_LL_ClearStallEP
 .text.USBD_LL_IsStallEP
                0x000000000800221e       0x2c build/usbd_conf.o
                0x000000000800221e                USBD_LL_IsStallEP
 .text.USBD_LL_SetUSBAddress
                0x000000000800224a       0x10 build/usbd_conf.o
                0x000000000800224a                USBD_LL_SetUSBAddress
 .text.USBD_LL_Transmit
                0x000000000800225a       0x10 build/usbd_conf.o
                0x000000000800225a                USBD_LL_Transmit
 .text.USBD_LL_PrepareReceive
                0x000000000800226a       0x10 build/usbd_conf.o
                0x000000000800226a                USBD_LL_PrepareReceive
 .text.USBD_LL_GetRxDataSize
                0x000000000800227a        0xc build/usbd_conf.o
                0x000000000800227a                USBD_LL_GetRxDataSize
 *fill*         0x0000000008002286        0x2 
 .text.HAL_PCDEx_LPM_Callback
                0x0000000008002288       0x48 build/usbd_conf.o
                0x0000000008002288                HAL_PCDEx_LPM_Callback
 .text.USBD_static_malloc
                0x00000000080022d0        0x8 build/usbd_conf.o
                0x00000000080022d0                USBD_static_malloc
 .text.USBD_static_free
                0x00000000080022d8        0x2 build/usbd_conf.o
                0x00000000080022d8                USBD_static_free
 .text.HAL_PCD_EP_DB_Receive
                0x00000000080022da      0x118 build/stm32g4xx_hal_pcd.o
 .text.HAL_PCD_Init
                0x00000000080023f2       0xb6 build/stm32g4xx_hal_pcd.o
                0x00000000080023f2                HAL_PCD_Init
 .text.HAL_PCD_Start
                0x00000000080024a8       0x2a build/stm32g4xx_hal_pcd.o
                0x00000000080024a8                HAL_PCD_Start
 .text.HAL_PCD_EP_DB_Transmit
                0x00000000080024d2      0x414 build/stm32g4xx_hal_pcd.o
 .text.PCD_EP_ISR_Handler
                0x00000000080028e6      0x530 build/stm32g4xx_hal_pcd.o
 .text.HAL_PCD_SetAddress
                0x0000000008002e16       0x26 build/stm32g4xx_hal_pcd.o
                0x0000000008002e16                HAL_PCD_SetAddress
 .text.HAL_PCD_IRQHandler
                0x0000000008002e3c      0x1b2 build/stm32g4xx_hal_pcd.o
                0x0000000008002e3c                HAL_PCD_IRQHandler
 .text.HAL_PCD_EP_Open
                0x0000000008002fee       0x86 build/stm32g4xx_hal_pcd.o
                0x0000000008002fee                HAL_PCD_EP_Open
 .text.HAL_PCD_EP_Close
                0x0000000008003074       0x6c build/stm32g4xx_hal_pcd.o
                0x0000000008003074                HAL_PCD_EP_Close
 .text.HAL_PCD_EP_Receive
                0x00000000080030e0       0x3a build/stm32g4xx_hal_pcd.o
                0x00000000080030e0                HAL_PCD_EP_Receive
 .text.HAL_PCD_EP_GetRxCount
                0x000000000800311a       0x12 build/stm32g4xx_hal_pcd.o
                0x000000000800311a                HAL_PCD_EP_GetRxCount
 .text.HAL_PCD_EP_Transmit
                0x000000000800312c       0x4c build/stm32g4xx_hal_pcd.o
                0x000000000800312c                HAL_PCD_EP_Transmit
 .text.HAL_PCD_EP_SetStall
                0x0000000008003178       0x72 build/stm32g4xx_hal_pcd.o
                0x0000000008003178                HAL_PCD_EP_SetStall
 .text.HAL_PCD_EP_ClrStall
                0x00000000080031ea       0x7e build/stm32g4xx_hal_pcd.o
                0x00000000080031ea                HAL_PCD_EP_ClrStall
 .text.HAL_PCDEx_PMAConfig
                0x0000000008003268       0x38 build/stm32g4xx_hal_pcd_ex.o
                0x0000000008003268                HAL_PCDEx_PMAConfig
 .text.HAL_PCDEx_ActivateLPM
                0x00000000080032a0       0x2c build/stm32g4xx_hal_pcd_ex.o
                0x00000000080032a0                HAL_PCDEx_ActivateLPM
 .text.USB_EnableGlobalInt
                0x00000000080032cc       0x12 build/stm32g4xx_ll_usb.o
                0x00000000080032cc                USB_EnableGlobalInt
 .text.USB_DisableGlobalInt
                0x00000000080032de       0x14 build/stm32g4xx_ll_usb.o
                0x00000000080032de                USB_DisableGlobalInt
 .text.USB_DevInit
                0x00000000080032f2       0x22 build/stm32g4xx_ll_usb.o
                0x00000000080032f2                USB_DevInit
 .text.USB_ActivateEndpoint
                0x0000000008003314      0x3d0 build/stm32g4xx_ll_usb.o
                0x0000000008003314                USB_ActivateEndpoint
 .text.USB_DeactivateEndpoint
                0x00000000080036e4      0x1d6 build/stm32g4xx_ll_usb.o
                0x00000000080036e4                USB_DeactivateEndpoint
 .text.USB_EPSetStall
                0x00000000080038ba       0x4a build/stm32g4xx_ll_usb.o
                0x00000000080038ba                USB_EPSetStall
 .text.USB_EPClearStall
                0x0000000008003904       0xa2 build/stm32g4xx_ll_usb.o
                0x0000000008003904                USB_EPClearStall
 .text.USB_SetDevAddress
                0x00000000080039a6        0xc build/stm32g4xx_ll_usb.o
                0x00000000080039a6                USB_SetDevAddress
 .text.USB_DevConnect
                0x00000000080039b2       0x16 build/stm32g4xx_ll_usb.o
                0x00000000080039b2                USB_DevConnect
 .text.USB_ReadInterrupts
                0x00000000080039c8        0x8 build/stm32g4xx_ll_usb.o
                0x00000000080039c8                USB_ReadInterrupts
 .text.USB_WritePMA
                0x00000000080039d0       0x28 build/stm32g4xx_ll_usb.o
                0x00000000080039d0                USB_WritePMA
 .text.USB_EPStartXfer
                0x00000000080039f8      0x7d6 build/stm32g4xx_ll_usb.o
                0x00000000080039f8                USB_EPStartXfer
 .text.USB_ReadPMA
                0x00000000080041ce       0x30 build/stm32g4xx_ll_usb.o
                0x00000000080041ce                USB_ReadPMA
 *fill*         0x00000000080041fe        0x2 
 .text.HAL_InitTick
                0x0000000008004200       0x50 build/stm32g4xx_hal.o
                0x0000000008004200                HAL_InitTick
 .text.HAL_Init
                0x0000000008004250       0x1e build/stm32g4xx_hal.o
                0x0000000008004250                HAL_Init
 *fill*         0x000000000800426e        0x2 
 .text.HAL_IncTick
                0x0000000008004270       0x18 build/stm32g4xx_hal.o
                0x0000000008004270                HAL_IncTick
 .text.HAL_GetTick
                0x0000000008004288        0xc build/stm32g4xx_hal.o
                0x0000000008004288                HAL_GetTick
 .text.HAL_Delay
                0x0000000008004294       0x28 build/stm32g4xx_hal.o
                0x0000000008004294                HAL_Delay
 .text.RCC_GetSysClockFreqFromPLLSource
                0x00000000080042bc       0x58 build/stm32g4xx_hal_rcc.o
 .text.HAL_RCC_OscConfig
                0x0000000008004314      0x4e4 build/stm32g4xx_hal_rcc.o
                0x0000000008004314                HAL_RCC_OscConfig
 .text.HAL_RCC_GetSysClockFreq
                0x00000000080047f8       0x88 build/stm32g4xx_hal_rcc.o
                0x00000000080047f8                HAL_RCC_GetSysClockFreq
 .text.HAL_RCC_ClockConfig
                0x0000000008004880      0x1f8 build/stm32g4xx_hal_rcc.o
                0x0000000008004880                HAL_RCC_ClockConfig
 .text.HAL_RCC_GetHCLKFreq
                0x0000000008004a78        0xc build/stm32g4xx_hal_rcc.o
                0x0000000008004a78                HAL_RCC_GetHCLKFreq
 .text.HAL_RCC_GetPCLK1Freq
                0x0000000008004a84       0x24 build/stm32g4xx_hal_rcc.o
                0x0000000008004a84                HAL_RCC_GetPCLK1Freq
 .text.HAL_RCC_GetPCLK2Freq
                0x0000000008004aa8       0x24 build/stm32g4xx_hal_rcc.o
                0x0000000008004aa8                HAL_RCC_GetPCLK2Freq
 .text.HAL_RCCEx_PeriphCLKConfig
                0x0000000008004acc      0x2e4 build/stm32g4xx_hal_rcc_ex.o
                0x0000000008004acc                HAL_RCCEx_PeriphCLKConfig
 .text.HAL_GPIO_Init
                0x0000000008004db0      0x1d4 build/stm32g4xx_hal_gpio.o
                0x0000000008004db0                HAL_GPIO_Init
 .text.HAL_GPIO_WritePin
                0x0000000008004f84        0xa build/stm32g4xx_hal_gpio.o
                0x0000000008004f84                HAL_GPIO_WritePin
 *fill*         0x0000000008004f8e        0x2 
 .text.HAL_PWREx_ControlVoltageScaling
                0x0000000008004f90      0x10c build/stm32g4xx_hal_pwr_ex.o
                0x0000000008004f90                HAL_PWREx_ControlVoltageScaling
 .text.HAL_NVIC_SetPriorityGrouping
                0x000000000800509c       0x24 build/stm32g4xx_hal_cortex.o
                0x000000000800509c                HAL_NVIC_SetPriorityGrouping
 .text.HAL_NVIC_SetPriority
                0x00000000080050c0       0x70 build/stm32g4xx_hal_cortex.o
                0x00000000080050c0                HAL_NVIC_SetPriority
 .text.HAL_NVIC_EnableIRQ
                0x0000000008005130       0x1c build/stm32g4xx_hal_cortex.o
                0x0000000008005130                HAL_NVIC_EnableIRQ
 .text.HAL_SYSTICK_Config
                0x000000000800514c       0x28 build/stm32g4xx_hal_cortex.o
                0x000000000800514c                HAL_SYSTICK_Config
 .text.HAL_ADC_Init
                0x0000000008005174      0x234 build/stm32g4xx_hal_adc.o
                0x0000000008005174                HAL_ADC_Init
 .text.HAL_ADC_ConfigChannel
                0x00000000080053a8      0x4e4 build/stm32g4xx_hal_adc.o
                0x00000000080053a8                HAL_ADC_ConfigChannel
 .text.HAL_ADCEx_MultiModeConfigChannel
                0x000000000800588c      0x114 build/stm32g4xx_hal_adc_ex.o
                0x000000000800588c                HAL_ADCEx_MultiModeConfigChannel
 .text.HAL_DAC_Init
                0x00000000080059a0       0x24 build/stm32g4xx_hal_dac.o
                0x00000000080059a0                HAL_DAC_Init
 .text.HAL_DAC_ConfigChannel
                0x00000000080059c4      0x214 build/stm32g4xx_hal_dac.o
                0x00000000080059c4                HAL_DAC_ConfigChannel
 .text.I2C_Flush_TXDR
                0x0000000008005bd8       0x22 build/stm32g4xx_hal_i2c.o
 .text.I2C_TransferConfig
                0x0000000008005bfa       0x3c build/stm32g4xx_hal_i2c.o
 .text.I2C_IsErrorOccurred
                0x0000000008005c36      0x114 build/stm32g4xx_hal_i2c.o
 .text.I2C_WaitOnTXISFlagUntilTimeout
                0x0000000008005d4a       0x60 build/stm32g4xx_hal_i2c.o
 .text.I2C_WaitOnFlagUntilTimeout
                0x0000000008005daa       0x7c build/stm32g4xx_hal_i2c.o
 .text.I2C_WaitOnSTOPFlagUntilTimeout
                0x0000000008005e26       0x5e build/stm32g4xx_hal_i2c.o
 .text.I2C_WaitOnRXNEFlagUntilTimeout
                0x0000000008005e84       0xaa build/stm32g4xx_hal_i2c.o
 .text.HAL_I2C_Init
                0x0000000008005f2e       0xc8 build/stm32g4xx_hal_i2c.o
                0x0000000008005f2e                HAL_I2C_Init
 *fill*         0x0000000008005ff6        0x2 
 .text.HAL_I2C_Master_Transmit
                0x0000000008005ff8      0x1a4 build/stm32g4xx_hal_i2c.o
                0x0000000008005ff8                HAL_I2C_Master_Transmit
 .text.HAL_I2C_Master_Receive
                0x000000000800619c      0x17c build/stm32g4xx_hal_i2c.o
                0x000000000800619c                HAL_I2C_Master_Receive
 .text.HAL_I2CEx_ConfigAnalogFilter
                0x0000000008006318       0x5c build/stm32g4xx_hal_i2c_ex.o
                0x0000000008006318                HAL_I2CEx_ConfigAnalogFilter
 .text.HAL_I2CEx_ConfigDigitalFilter
                0x0000000008006374       0x58 build/stm32g4xx_hal_i2c_ex.o
                0x0000000008006374                HAL_I2CEx_ConfigDigitalFilter
 .text.HAL_RTC_WaitForSynchro
                0x00000000080063cc       0x34 build/stm32g4xx_hal_rtc.o
                0x00000000080063cc                HAL_RTC_WaitForSynchro
 .text.RTC_EnterInitMode
                0x0000000008006400       0x46 build/stm32g4xx_hal_rtc.o
                0x0000000008006400                RTC_EnterInitMode
 .text.RTC_ExitInitMode
                0x0000000008006446       0x4c build/stm32g4xx_hal_rtc.o
                0x0000000008006446                RTC_ExitInitMode
 .text.HAL_RTC_Init
                0x0000000008006492       0xa0 build/stm32g4xx_hal_rtc.o
                0x0000000008006492                HAL_RTC_Init
 .text.HAL_RTCEx_SetWakeUpTimer
                0x0000000008006532       0x9e build/stm32g4xx_hal_rtc_ex.o
                0x0000000008006532                HAL_RTCEx_SetWakeUpTimer
 .text.HAL_SPI_Init
                0x00000000080065d0       0xe8 build/stm32g4xx_hal_spi.o
                0x00000000080065d0                HAL_SPI_Init
 .text.UART_EndRxTransfer
                0x00000000080066b8       0x56 build/stm32g4xx_hal_uart.o
 *fill*         0x000000000800670e        0x2 
 .text.UART_SetConfig
                0x0000000008006710      0x344 build/stm32g4xx_hal_uart.o
                0x0000000008006710                UART_SetConfig
 .text.UART_AdvFeatureConfig
                0x0000000008006a54       0xca build/stm32g4xx_hal_uart.o
                0x0000000008006a54                UART_AdvFeatureConfig
 .text.UART_WaitOnFlagUntilTimeout
                0x0000000008006b1e       0xa2 build/stm32g4xx_hal_uart.o
                0x0000000008006b1e                UART_WaitOnFlagUntilTimeout
 .text.UART_CheckIdleState
                0x0000000008006bc0       0xca build/stm32g4xx_hal_uart.o
                0x0000000008006bc0                UART_CheckIdleState
 .text.HAL_UART_Init
                0x0000000008006c8a       0x66 build/stm32g4xx_hal_uart.o
                0x0000000008006c8a                HAL_UART_Init
 .text.UARTEx_SetNbDataToProcess
                0x0000000008006cf0       0x4c build/stm32g4xx_hal_uart_ex.o
 .text.HAL_UARTEx_DisableFifoMode
                0x0000000008006d3c       0x3e build/stm32g4xx_hal_uart_ex.o
                0x0000000008006d3c                HAL_UARTEx_DisableFifoMode
 .text.HAL_UARTEx_SetTxFifoThreshold
                0x0000000008006d7a       0x4a build/stm32g4xx_hal_uart_ex.o
                0x0000000008006d7a                HAL_UARTEx_SetTxFifoThreshold
 .text.HAL_UARTEx_SetRxFifoThreshold
                0x0000000008006dc4       0x4a build/stm32g4xx_hal_uart_ex.o
                0x0000000008006dc4                HAL_UARTEx_SetRxFifoThreshold
 .text.LL_GPIO_Init
                0x0000000008006e0e      0x17e build/stm32g4xx_ll_gpio.o
                0x0000000008006e0e                LL_GPIO_Init
 .text.SystemInit
                0x0000000008006f8c       0x14 build/system_stm32g4xx.o
                0x0000000008006f8c                SystemInit
 .text.USBD_Init
                0x0000000008006fa0       0x2e build/usbd_core.o
                0x0000000008006fa0                USBD_Init
 .text.USBD_RegisterClass
                0x0000000008006fce       0x2e build/usbd_core.o
                0x0000000008006fce                USBD_RegisterClass
 .text.USBD_Start
                0x0000000008006ffc        0x8 build/usbd_core.o
                0x0000000008006ffc                USBD_Start
 .text.USBD_SetClassConfig
                0x0000000008007004       0x12 build/usbd_core.o
                0x0000000008007004                USBD_SetClassConfig
 .text.USBD_ClrClassConfig
                0x0000000008007016       0x10 build/usbd_core.o
                0x0000000008007016                USBD_ClrClassConfig
 .text.USBD_LL_SetupStage
                0x0000000008007026       0x58 build/usbd_core.o
                0x0000000008007026                USBD_LL_SetupStage
 .text.USBD_LL_DataOutStage
                0x000000000800707e       0x78 build/usbd_core.o
                0x000000000800707e                USBD_LL_DataOutStage
 .text.USBD_LL_DataInStage
                0x00000000080070f6       0xbe build/usbd_core.o
                0x00000000080070f6                USBD_LL_DataInStage
 .text.USBD_LL_Reset
                0x00000000080071b4       0x5a build/usbd_core.o
                0x00000000080071b4                USBD_LL_Reset
 .text.USBD_LL_SetSpeed
                0x000000000800720e        0x6 build/usbd_core.o
                0x000000000800720e                USBD_LL_SetSpeed
 .text.USBD_LL_Suspend
                0x0000000008007214       0x14 build/usbd_core.o
                0x0000000008007214                USBD_LL_Suspend
 .text.USBD_LL_Resume
                0x0000000008007228       0x1a build/usbd_core.o
                0x0000000008007228                USBD_LL_Resume
 .text.USBD_LL_SOF
                0x0000000008007242       0x28 build/usbd_core.o
                0x0000000008007242                USBD_LL_SOF
 .text.USBD_GetLen
                0x000000000800726a       0x14 build/usbd_ctlreq.o
 .text.USBD_SetFeature
                0x000000000800727e       0x14 build/usbd_ctlreq.o
 .text.USBD_ParseSetupRequest
                0x0000000008007292       0x28 build/usbd_ctlreq.o
                0x0000000008007292                USBD_ParseSetupRequest
 .text.USBD_CtlError
                0x00000000080072ba       0x14 build/usbd_ctlreq.o
                0x00000000080072ba                USBD_CtlError
 .text.USBD_GetDescriptor
                0x00000000080072ce      0x1ac build/usbd_ctlreq.o
 .text.USBD_SetAddress
                0x000000000800747a       0x50 build/usbd_ctlreq.o
 *fill*         0x00000000080074ca        0x2 
 .text.USBD_SetConfig
                0x00000000080074cc       0xc8 build/usbd_ctlreq.o
 .text.USBD_GetConfig
                0x0000000008007594       0x40 build/usbd_ctlreq.o
 .text.USBD_GetStatus
                0x00000000080075d4       0x38 build/usbd_ctlreq.o
 .text.USBD_ClrFeature
                0x000000000800760c       0x26 build/usbd_ctlreq.o
 .text.USBD_StdDevReq
                0x0000000008007632       0x70 build/usbd_ctlreq.o
                0x0000000008007632                USBD_StdDevReq
 .text.USBD_StdItfReq
                0x00000000080076a2       0x68 build/usbd_ctlreq.o
                0x00000000080076a2                USBD_StdItfReq
 .text.USBD_StdEPReq
                0x000000000800770a      0x1ec build/usbd_ctlreq.o
                0x000000000800770a                USBD_StdEPReq
 .text.USBD_GetString
                0x00000000080078f6       0x3a build/usbd_ctlreq.o
                0x00000000080078f6                USBD_GetString
 .text.USBD_CtlSendData
                0x0000000008007930       0x1a build/usbd_ioreq.o
                0x0000000008007930                USBD_CtlSendData
 .text.USBD_CtlContinueSendData
                0x000000000800794a       0x10 build/usbd_ioreq.o
                0x000000000800794a                USBD_CtlContinueSendData
 .text.USBD_CtlPrepareRx
                0x000000000800795a       0x1e build/usbd_ioreq.o
                0x000000000800795a                USBD_CtlPrepareRx
 .text.USBD_CtlContinueRx
                0x0000000008007978       0x10 build/usbd_ioreq.o
                0x0000000008007978                USBD_CtlContinueRx
 .text.USBD_CtlSendStatus
                0x0000000008007988       0x16 build/usbd_ioreq.o
                0x0000000008007988                USBD_CtlSendStatus
 .text.USBD_CtlReceiveStatus
                0x000000000800799e       0x16 build/usbd_ioreq.o
                0x000000000800799e                USBD_CtlReceiveStatus
 .text.USBD_CDC_EP0_RxReady
                0x00000000080079b4       0x36 build/usbd_cdc.o
 *fill*         0x00000000080079ea        0x2 
 .text.USBD_CDC_GetFSCfgDesc
                0x00000000080079ec        0xc build/usbd_cdc.o
 .text.USBD_CDC_GetHSCfgDesc
                0x00000000080079f8        0xc build/usbd_cdc.o
 .text.USBD_CDC_GetOtherSpeedCfgDesc
                0x0000000008007a04        0xc build/usbd_cdc.o
 .text.USBD_CDC_GetDeviceQualifierDescriptor
                0x0000000008007a10        0xc build/usbd_cdc.o
                0x0000000008007a10                USBD_CDC_GetDeviceQualifierDescriptor
 .text.USBD_CDC_DataOut
                0x0000000008007a1c       0x2a build/usbd_cdc.o
 .text.USBD_CDC_DataIn
                0x0000000008007a46       0x6a build/usbd_cdc.o
 .text.USBD_CDC_Setup
                0x0000000008007ab0       0xf4 build/usbd_cdc.o
 .text.USBD_CDC_DeInit
                0x0000000008007ba4       0x48 build/usbd_cdc.o
 .text.USBD_CDC_Init
                0x0000000008007bec       0xc2 build/usbd_cdc.o
 .text.USBD_CDC_RegisterInterface
                0x0000000008007cae        0xe build/usbd_cdc.o
                0x0000000008007cae                USBD_CDC_RegisterInterface
 .text.USBD_CDC_SetTxBuffer
                0x0000000008007cbc       0x16 build/usbd_cdc.o
                0x0000000008007cbc                USBD_CDC_SetTxBuffer
 .text.USBD_CDC_SetRxBuffer
                0x0000000008007cd2       0x12 build/usbd_cdc.o
                0x0000000008007cd2                USBD_CDC_SetRxBuffer
 .text.USBD_CDC_TransmitPacket
                0x0000000008007ce4       0x34 build/usbd_cdc.o
                0x0000000008007ce4                USBD_CDC_TransmitPacket
 .text.USBD_CDC_ReceivePacket
                0x0000000008007d18       0x32 build/usbd_cdc.o
                0x0000000008007d18                USBD_CDC_ReceivePacket
 *fill*         0x0000000008007d4a        0x2 
 .text._sbrk    0x0000000008007d4c       0x48 build/sysmem.o
                0x0000000008007d4c                _sbrk
 .text.Reset_Handler
                0x0000000008007d94       0x50 build/startup_stm32g431xx.o
                0x0000000008007d94                Reset_Handler
 .text.Default_Handler
                0x0000000008007de4        0x2 build/startup_stm32g431xx.o
                0x0000000008007de4                RTC_Alarm_IRQHandler
                0x0000000008007de4                EXTI2_IRQHandler
                0x0000000008007de4                TIM8_TRG_COM_IRQHandler
                0x0000000008007de4                TIM8_CC_IRQHandler
                0x0000000008007de4                TIM1_CC_IRQHandler
                0x0000000008007de4                USB_HP_IRQHandler
                0x0000000008007de4                CORDIC_IRQHandler
                0x0000000008007de4                EXTI3_IRQHandler
                0x0000000008007de4                I2C3_ER_IRQHandler
                0x0000000008007de4                EXTI0_IRQHandler
                0x0000000008007de4                I2C2_EV_IRQHandler
                0x0000000008007de4                FPU_IRQHandler
                0x0000000008007de4                FDCAN1_IT1_IRQHandler
                0x0000000008007de4                TIM1_UP_TIM16_IRQHandler
                0x0000000008007de4                ADC1_2_IRQHandler
                0x0000000008007de4                SPI1_IRQHandler
                0x0000000008007de4                TIM6_DAC_IRQHandler
                0x0000000008007de4                TIM8_UP_IRQHandler
                0x0000000008007de4                DMA2_Channel2_IRQHandler
                0x0000000008007de4                DMA1_Channel4_IRQHandler
                0x0000000008007de4                USART3_IRQHandler
                0x0000000008007de4                TIM4_IRQHandler
                0x0000000008007de4                DMA2_Channel1_IRQHandler
                0x0000000008007de4                I2C1_EV_IRQHandler
                0x0000000008007de4                DMA1_Channel6_IRQHandler
                0x0000000008007de4                UART4_IRQHandler
                0x0000000008007de4                DMA2_Channel4_IRQHandler
                0x0000000008007de4                TIM3_IRQHandler
                0x0000000008007de4                RCC_IRQHandler
                0x0000000008007de4                DMA1_Channel1_IRQHandler
                0x0000000008007de4                Default_Handler
                0x0000000008007de4                RTC_TAMP_LSECSS_IRQHandler
                0x0000000008007de4                FMAC_IRQHandler
                0x0000000008007de4                EXTI15_10_IRQHandler
                0x0000000008007de4                TIM7_IRQHandler
                0x0000000008007de4                UCPD1_IRQHandler
                0x0000000008007de4                I2C3_EV_IRQHandler
                0x0000000008007de4                EXTI9_5_IRQHandler
                0x0000000008007de4                RTC_WKUP_IRQHandler
                0x0000000008007de4                PVD_PVM_IRQHandler
                0x0000000008007de4                SPI2_IRQHandler
                0x0000000008007de4                DMA2_Channel5_IRQHandler
                0x0000000008007de4                CRS_IRQHandler
                0x0000000008007de4                DMA1_Channel5_IRQHandler
                0x0000000008007de4                EXTI4_IRQHandler
                0x0000000008007de4                RNG_IRQHandler
                0x0000000008007de4                TIM1_TRG_COM_TIM17_IRQHandler
                0x0000000008007de4                DMA1_Channel3_IRQHandler
                0x0000000008007de4                WWDG_IRQHandler
                0x0000000008007de4                LPUART1_IRQHandler
                0x0000000008007de4                DMA2_Channel6_IRQHandler
                0x0000000008007de4                FDCAN1_IT0_IRQHandler
                0x0000000008007de4                TIM2_IRQHandler
                0x0000000008007de4                COMP1_2_3_IRQHandler
                0x0000000008007de4                EXTI1_IRQHandler
                0x0000000008007de4                USART2_IRQHandler
                0x0000000008007de4                I2C2_ER_IRQHandler
                0x0000000008007de4                DMA1_Channel2_IRQHandler
                0x0000000008007de4                TIM8_BRK_IRQHandler
                0x0000000008007de4                FLASH_IRQHandler
                0x0000000008007de4                USART1_IRQHandler
                0x0000000008007de4                SPI3_IRQHandler
                0x0000000008007de4                I2C1_ER_IRQHandler
                0x0000000008007de4                LPTIM1_IRQHandler
                0x0000000008007de4                DMAMUX_OVR_IRQHandler
                0x0000000008007de4                USBWakeUp_IRQHandler
                0x0000000008007de4                SAI1_IRQHandler
                0x0000000008007de4                DMA2_Channel3_IRQHandler
                0x0000000008007de4                COMP4_IRQHandler
                0x0000000008007de4                TIM1_BRK_TIM15_IRQHandler
 *(.glue_7)
 .glue_7        0x0000000008007de6        0x0 linker stubs
 *(.glue_7t)
 .glue_7t       0x0000000008007de6        0x0 linker stubs
 *(.eh_frame)
 *fill*         0x0000000008007de6        0x2 
 .eh_frame      0x0000000008007de8        0x0 /usr/lib/gcc/arm-none-eabi/10.3.1/thumb/v7e-m+fp/hard/crtbegin.o
 *(.init)
 .init          0x0000000008007de8        0x4 /usr/lib/gcc/arm-none-eabi/10.3.1/thumb/v7e-m+fp/hard/crti.o
                0x0000000008007de8                _init
 .init          0x0000000008007dec        0x8 /usr/lib/gcc/arm-none-eabi/10.3.1/thumb/v7e-m+fp/hard/crtn.o
 *(.fini)
 .fini          0x0000000008007df4        0x4 /usr/lib/gcc/arm-none-eabi/10.3.1/thumb/v7e-m+fp/hard/crti.o
                0x0000000008007df4                _fini
 .fini          0x0000000008007df8        0x8 /usr/lib/gcc/arm-none-eabi/10.3.1/thumb/v7e-m+fp/hard/crtn.o
                0x0000000008007e00                . = ALIGN (0x4)
                0x0000000008007e00                _etext = .

.vfp11_veneer   0x0000000008007e00        0x0
 .vfp11_veneer  0x0000000008007e00        0x0 linker stubs

.v4_bx          0x0000000008007e00        0x0
 .v4_bx         0x0000000008007e00        0x0 linker stubs

.iplt           0x0000000008007e00        0x0
 .iplt          0x0000000008007e00        0x0 /usr/lib/gcc/arm-none-eabi/10.3.1/thumb/v7e-m+fp/hard/crtbegin.o

.rodata         0x0000000008007e00       0xe0
                0x0000000008007e00                . = ALIGN (0x4)
 *(.rodata)
 *(.rodata*)
 .rodata.main.str1.4
                0x0000000008007e00       0x1a build/main.o
 *fill*         0x0000000008007e1a        0x2 
 .rodata.USBD_CDC_ProductStrDescriptor.str1.4
                0x0000000008007e1c       0x16 build/usbd_desc.o
 *fill*         0x0000000008007e32        0x2 
 .rodata.USBD_CDC_ManufacturerStrDescriptor.str1.4
                0x0000000008007e34       0x13 build/usbd_desc.o
 *fill*         0x0000000008007e47        0x1 
 .rodata.USBD_CDC_ConfigStrDescriptor.str1.4
                0x0000000008007e48        0xb build/usbd_desc.o
 *fill*         0x0000000008007e53        0x1 
 .rodata.USBD_CDC_InterfaceStrDescriptor.str1.4
                0x0000000008007e54        0xe build/usbd_desc.o
 *fill*         0x0000000008007e62        0x2 
 .rodata.UARTPrescTable
                0x0000000008007e64       0x18 build/stm32g4xx_hal_uart.o
                0x0000000008007e64                UARTPrescTable
 .rodata.denominator.0
                0x0000000008007e7c        0x8 build/stm32g4xx_hal_uart_ex.o
 .rodata.numerator.1
                0x0000000008007e84        0x8 build/stm32g4xx_hal_uart_ex.o
 .rodata.AHBPrescTable
                0x0000000008007e8c       0x10 build/system_stm32g4xx.o
                0x0000000008007e8c                AHBPrescTable
 .rodata.APBPrescTable
                0x0000000008007e9c        0x8 build/system_stm32g4xx.o
                0x0000000008007e9c                APBPrescTable
 .rodata.str1.4
                0x0000000008007ea4       0x13 /usr/lib/gcc/arm-none-eabi/10.3.1/../../../arm-none-eabi/lib/thumb/v7e-m+fp/hard/libc_nano.a(lib_a-nano-svfprintf.o)
 *fill*         0x0000000008007eb7        0x1 
 .rodata.str1.4
                0x0000000008007eb8       0x25 /usr/lib/gcc/arm-none-eabi/10.3.1/../../../arm-none-eabi/lib/thumb/v7e-m+fp/hard/libc_nano.a(lib_a-nano-vfprintf_i.o)
                0x0000000008007ee0                . = ALIGN (0x4)
 *fill*         0x0000000008007edd        0x3 

.ARM.extab
 *(.ARM.extab* .gnu.linkonce.armextab.*)

.ARM            0x0000000008007ee0        0x8
                0x0000000008007ee0                __exidx_start = .
 *(.ARM.exidx*)
 .ARM.exidx     0x0000000008007ee0        0x8 /usr/lib/gcc/arm-none-eabi/10.3.1/thumb/v7e-m+fp/hard/libgcc.a(_udivmoddi4.o)
                0x0000000008007ee8                __exidx_end = .

.rel.dyn        0x0000000008007ee8        0x0
 .rel.iplt      0x0000000008007ee8        0x0 /usr/lib/gcc/arm-none-eabi/10.3.1/thumb/v7e-m+fp/hard/crtbegin.o

.preinit_array  0x0000000008007ee8        0x0
                0x0000000008007ee8                PROVIDE (__preinit_array_start = .)
 *(.preinit_array*)
                0x0000000008007ee8                PROVIDE (__preinit_array_end = .)

.init_array     0x0000000008007ee8        0x4
                0x0000000008007ee8                PROVIDE (__init_array_start = .)
 *(SORT_BY_NAME(.init_array.*))
 *(.init_array*)
 .init_array    0x0000000008007ee8        0x4 /usr/lib/gcc/arm-none-eabi/10.3.1/thumb/v7e-m+fp/hard/crtbegin.o
                0x0000000008007eec                PROVIDE (__init_array_end = .)

.fini_array     0x0000000008007eec        0x4
                0x0000000008007eec                PROVIDE (__fini_array_start = .)
 *(SORT_BY_NAME(.fini_array.*))
 *(.fini_array*)
 .fini_array    0x0000000008007eec        0x4 /usr/lib/gcc/arm-none-eabi/10.3.1/thumb/v7e-m+fp/hard/crtbegin.o
                0x0000000008007ef0                PROVIDE (__fini_array_end = .)
                0x0000000008007ef0                _sidata = LOADADDR (.data)

.data           0x0000000020000000      0x1e8 load address 0x0000000008007ef0
                0x0000000020000000                . = ALIGN (0x4)
                0x0000000020000000                _sdata = .
 *(.data)
 .data          0x0000000020000000       0x64 /usr/lib/gcc/arm-none-eabi/10.3.1/../../../arm-none-eabi/lib/thumb/v7e-m+fp/hard/libc_nano.a(lib_a-impure.o)
                0x0000000020000000                _impure_ptr
 *(.data*)
 .data.CDC_Desc
                0x0000000020000064       0x20 build/usbd_desc.o
                0x0000000020000064                CDC_Desc
 .data.USBD_CDC_DeviceDesc
                0x0000000020000084       0x12 build/usbd_desc.o
                0x0000000020000084                USBD_CDC_DeviceDesc
 *fill*         0x0000000020000096        0x2 
 .data.USBD_LangIDDesc
                0x0000000020000098        0x4 build/usbd_desc.o
                0x0000000020000098                USBD_LangIDDesc
 .data.USBD_StringSerial
                0x000000002000009c       0x1a build/usbd_desc.o
                0x000000002000009c                USBD_StringSerial
 *fill*         0x00000000200000b6        0x2 
 .data.USBD_Interface_fops_FS
                0x00000000200000b8       0x14 build/usbd_cdc_if.o
                0x00000000200000b8                USBD_Interface_fops_FS
 .data.uwTickFreq
                0x00000000200000cc        0x4 build/stm32g4xx_hal.o
                0x00000000200000cc                uwTickFreq
 .data.uwTickPrio
                0x00000000200000d0        0x4 build/stm32g4xx_hal.o
                0x00000000200000d0                uwTickPrio
 .data.SystemCoreClock
                0x00000000200000d4        0x4 build/system_stm32g4xx.o
                0x00000000200000d4                SystemCoreClock
 .data.USBD_CDC
                0x00000000200000d8       0x38 build/usbd_cdc.o
                0x00000000200000d8                USBD_CDC
 .data.USBD_CDC_CfgFSDesc
                0x0000000020000110       0x43 build/usbd_cdc.o
 *fill*         0x0000000020000153        0x1 
 .data.USBD_CDC_CfgHSDesc
                0x0000000020000154       0x43 build/usbd_cdc.o
 *fill*         0x0000000020000197        0x1 
 .data.USBD_CDC_DeviceQualifierDesc
                0x0000000020000198        0xa build/usbd_cdc.o
 *fill*         0x00000000200001a2        0x2 
 .data.USBD_CDC_OtherSpeedCfgDesc
                0x00000000200001a4       0x43 build/usbd_cdc.o
                0x00000000200001e8                . = ALIGN (0x4)
 *fill*         0x00000000200001e7        0x1 
                0x00000000200001e8                _edata = .

.tm_clone_table
                0x00000000200001e8        0x0 load address 0x00000000080080d8
 .tm_clone_table
                0x00000000200001e8        0x0 /usr/lib/gcc/arm-none-eabi/10.3.1/thumb/v7e-m+fp/hard/crtbegin.o
 .tm_clone_table
                0x00000000200001e8        0x0 /usr/lib/gcc/arm-none-eabi/10.3.1/thumb/v7e-m+fp/hard/crtend.o

.igot.plt       0x00000000200001e8        0x0 load address 0x00000000080080d8
 .igot.plt      0x00000000200001e8        0x0 /usr/lib/gcc/arm-none-eabi/10.3.1/thumb/v7e-m+fp/hard/crtbegin.o
                0x00000000200001e8                . = ALIGN (0x4)

.bss            0x00000000200001e8     0x1464 load address 0x00000000080080d8
                0x00000000200001e8                _sbss = .
                0x00000000200001e8                __bss_start__ = _sbss
 *(.bss)
 .bss           0x00000000200001e8       0x1c /usr/lib/gcc/arm-none-eabi/10.3.1/thumb/v7e-m+fp/hard/crtbegin.o
 .bss           0x0000000020000204        0x8 /usr/lib/gcc/arm-none-eabi/10.3.1/../../../arm-none-eabi/lib/thumb/v7e-m+fp/hard/libc_nano.a(lib_a-nano-mallocr.o)
                0x0000000020000204                __malloc_free_list
                0x0000000020000208                __malloc_sbrk_start
 .bss           0x000000002000020c        0x4 /usr/lib/gcc/arm-none-eabi/10.3.1/../../../arm-none-eabi/lib/thumb/v7e-m+fp/hard/libc_nano.a(lib_a-reent.o)
                0x000000002000020c                errno
 *(.bss*)
 .bss.HAL_RCC_ADC12_CLK_ENABLED
                0x0000000020000210        0x4 build/adc.o
 .bss.hadc1     0x0000000020000214       0x6c build/adc.o
                0x0000000020000214                hadc1
 .bss.hadc2     0x0000000020000280       0x6c build/adc.o
                0x0000000020000280                hadc2
 .bss.hdac1     0x00000000200002ec       0x14 build/dac.o
                0x00000000200002ec                hdac1
 .bss.hi2c2     0x0000000020000300       0x54 build/i2c.o
                0x0000000020000300                hi2c2
 .bss.hrtc      0x0000000020000354       0x28 build/rtc.o
                0x0000000020000354                hrtc
 .bss.hspi1     0x000000002000037c       0x64 build/spi.o
                0x000000002000037c                hspi1
 .bss.huart4    0x00000000200003e0       0x94 build/usart.o
                0x00000000200003e0                huart4
 .bss.hUsbDeviceFS
                0x0000000020000474      0x2d0 build/usb_device.o
                0x0000000020000474                hUsbDeviceFS
 .bss.USBD_StrDesc
                0x0000000020000744      0x200 build/usbd_desc.o
                0x0000000020000744                USBD_StrDesc
 .bss.UserRxBufferFS
                0x0000000020000944      0x400 build/usbd_cdc_if.o
                0x0000000020000944                UserRxBufferFS
 .bss.UserTxBufferFS
                0x0000000020000d44      0x400 build/usbd_cdc_if.o
                0x0000000020000d44                UserTxBufferFS
 .bss.hpcd_USB_FS
                0x0000000020001144      0x2dc build/usbd_conf.o
                0x0000000020001144                hpcd_USB_FS
 .bss.mem.0     0x0000000020001420      0x220 build/usbd_conf.o
 .bss.uwTick    0x0000000020001640        0x4 build/stm32g4xx_hal.o
                0x0000000020001640                uwTick
 .bss.cfgidx.0  0x0000000020001644        0x1 build/usbd_ctlreq.o
 *fill*         0x0000000020001645        0x3 
 .bss.__sbrk_heap_end
                0x0000000020001648        0x4 build/sysmem.o
 *(COMMON)
                0x000000002000164c                . = ALIGN (0x4)
                0x000000002000164c                _ebss = .
                0x000000002000164c                __bss_end__ = _ebss

._user_heap_stack
                0x000000002000164c      0x604 load address 0x00000000080080d8
                0x0000000020001650                . = ALIGN (0x8)
 *fill*         0x000000002000164c        0x4 
                [!provide]                        PROVIDE (end = .)
                0x0000000020001650                PROVIDE (_end = .)
                0x0000000020001850                . = (. + _Min_Heap_Size)
 *fill*         0x0000000020001650      0x200 
                0x0000000020001c50                . = (. + _Min_Stack_Size)
 *fill*         0x0000000020001850      0x400 
                0x0000000020001c50                . = ALIGN (0x8)

/DISCARD/
 libc.a(*)
 libm.a(*)
 libgcc.a(*)

.ARM.attributes
                0x0000000000000000       0x30
 *(.ARM.attributes)
 .ARM.attributes
                0x0000000000000000       0x1e /usr/lib/gcc/arm-none-eabi/10.3.1/thumb/v7e-m+fp/hard/crti.o
 .ARM.attributes
                0x000000000000001e       0x34 /usr/lib/gcc/arm-none-eabi/10.3.1/thumb/v7e-m+fp/hard/crtbegin.o
 .ARM.attributes
                0x0000000000000052       0x34 build/main.o
 .ARM.attributes
                0x0000000000000086       0x34 build/gpio.o
 .ARM.attributes
                0x00000000000000ba       0x34 build/adc.o
 .ARM.attributes
                0x00000000000000ee       0x34 build/dac.o
 .ARM.attributes
                0x0000000000000122       0x34 build/i2c.o
 .ARM.attributes
                0x0000000000000156       0x34 build/rtc.o
 .ARM.attributes
                0x000000000000018a       0x34 build/spi.o
 .ARM.attributes
                0x00000000000001be       0x34 build/usart.o
 .ARM.attributes
                0x00000000000001f2       0x34 build/ucpd.o
 .ARM.attributes
                0x0000000000000226       0x34 build/stm32g4xx_it.o
 .ARM.attributes
                0x000000000000025a       0x34 build/stm32g4xx_hal_msp.o
 .ARM.attributes
                0x000000000000028e       0x34 build/usb_device.o
 .ARM.attributes
                0x00000000000002c2       0x34 build/usbd_desc.o
 .ARM.attributes
                0x00000000000002f6       0x34 build/usbd_cdc_if.o
 .ARM.attributes
                0x000000000000032a       0x34 build/usbd_conf.o
 .ARM.attributes
                0x000000000000035e       0x34 build/stm32g4xx_hal_pcd.o
 .ARM.attributes
                0x0000000000000392       0x34 build/stm32g4xx_hal_pcd_ex.o
 .ARM.attributes
                0x00000000000003c6       0x34 build/stm32g4xx_ll_usb.o
 .ARM.attributes
                0x00000000000003fa       0x34 build/stm32g4xx_hal.o
 .ARM.attributes
                0x000000000000042e       0x34 build/stm32g4xx_hal_rcc.o
 .ARM.attributes
                0x0000000000000462       0x34 build/stm32g4xx_hal_rcc_ex.o
 .ARM.attributes
                0x0000000000000496       0x34 build/stm32g4xx_hal_gpio.o
 .ARM.attributes
                0x00000000000004ca       0x34 build/stm32g4xx_hal_pwr_ex.o
 .ARM.attributes
                0x00000000000004fe       0x34 build/stm32g4xx_hal_cortex.o
 .ARM.attributes
                0x0000000000000532       0x34 build/stm32g4xx_hal_adc.o
 .ARM.attributes
                0x0000000000000566       0x34 build/stm32g4xx_hal_adc_ex.o
 .ARM.attributes
                0x000000000000059a       0x34 build/stm32g4xx_hal_dac.o
 .ARM.attributes
                0x00000000000005ce       0x34 build/stm32g4xx_hal_i2c.o
 .ARM.attributes
                0x0000000000000602       0x34 build/stm32g4xx_hal_i2c_ex.o
 .ARM.attributes
                0x0000000000000636       0x34 build/stm32g4xx_hal_rtc.o
 .ARM.attributes
                0x000000000000066a       0x34 build/stm32g4xx_hal_rtc_ex.o
 .ARM.attributes
                0x000000000000069e       0x34 build/stm32g4xx_hal_spi.o
 .ARM.attributes
                0x00000000000006d2       0x34 build/stm32g4xx_hal_uart.o
 .ARM.attributes
                0x0000000000000706       0x34 build/stm32g4xx_hal_uart_ex.o
 .ARM.attributes
                0x000000000000073a       0x34 build/stm32g4xx_ll_gpio.o
 .ARM.attributes
                0x000000000000076e       0x34 build/system_stm32g4xx.o
 .ARM.attributes
                0x00000000000007a2       0x34 build/usbd_core.o
 .ARM.attributes
                0x00000000000007d6       0x34 build/usbd_ctlreq.o
 .ARM.attributes
                0x000000000000080a       0x34 build/usbd_ioreq.o
 .ARM.attributes
                0x000000000000083e       0x34 build/usbd_cdc.o
 .ARM.attributes
                0x0000000000000872       0x34 build/sysmem.o
 .ARM.attributes
                0x00000000000008a6       0x21 build/startup_stm32g431xx.o
 .ARM.attributes
                0x00000000000008c7       0x34 /usr/lib/gcc/arm-none-eabi/10.3.1/../../../arm-none-eabi/lib/thumb/v7e-m+fp/hard/libc_nano.a(lib_a-errno.o)
 .ARM.attributes
                0x00000000000008fb       0x32 /usr/lib/gcc/arm-none-eabi/10.3.1/../../../arm-none-eabi/lib/thumb/v7e-m+fp/hard/libc_nano.a(lib_a-impure.o)
 .ARM.attributes
                0x000000000000092d       0x34 /usr/lib/gcc/arm-none-eabi/10.3.1/../../../arm-none-eabi/lib/thumb/v7e-m+fp/hard/libc_nano.a(lib_a-init.o)
 .ARM.attributes
                0x0000000000000961       0x34 /usr/lib/gcc/arm-none-eabi/10.3.1/../../../arm-none-eabi/lib/thumb/v7e-m+fp/hard/libc_nano.a(lib_a-memset.o)
 .ARM.attributes
                0x0000000000000995       0x34 /usr/lib/gcc/arm-none-eabi/10.3.1/../../../arm-none-eabi/lib/thumb/v7e-m+fp/hard/libc_nano.a(lib_a-snprintf.o)
 .ARM.attributes
                0x00000000000009c9       0x34 /usr/lib/gcc/arm-none-eabi/10.3.1/../../../arm-none-eabi/lib/thumb/v7e-m+fp/hard/libc_nano.a(lib_a-nano-svfprintf.o)
 .ARM.attributes
                0x00000000000009fd       0x34 /usr/lib/gcc/arm-none-eabi/10.3.1/../../../arm-none-eabi/lib/thumb/v7e-m+fp/hard/libc_nano.a(lib_a-nano-vfprintf_i.o)
 .ARM.attributes
                0x0000000000000a31       0x1c /usr/lib/gcc/arm-none-eabi/10.3.1/../../../arm-none-eabi/lib/thumb/v7e-m+fp/hard/libc_nano.a(lib_a-memchr.o)
 .ARM.attributes
                0x0000000000000a4d       0x1c /usr/lib/gcc/arm-none-eabi/10.3.1/../../../arm-none-eabi/lib/thumb/v7e-m+fp/hard/libc_nano.a(lib_a-memcpy.o)
 .ARM.attributes
                0x0000000000000a69       0x34 /usr/lib/gcc/arm-none-eabi/10.3.1/../../../arm-none-eabi/lib/thumb/v7e-m+fp/hard/libc_nano.a(lib_a-memmove.o)
 .ARM.attributes
                0x0000000000000a9d       0x34 /usr/lib/gcc/arm-none-eabi/10.3.1/../../../arm-none-eabi/lib/thumb/v7e-m+fp/hard/libc_nano.a(lib_a-nano-freer.o)
 .ARM.attributes
                0x0000000000000ad1       0x34 /usr/lib/gcc/arm-none-eabi/10.3.1/../../../arm-none-eabi/lib/thumb/v7e-m+fp/hard/libc_nano.a(lib_a-nano-mallocr.o)
 .ARM.attributes
                0x0000000000000b05       0x34 /usr/lib/gcc/arm-none-eabi/10.3.1/../../../arm-none-eabi/lib/thumb/v7e-m+fp/hard/libc_nano.a(lib_a-nano-reallocr.o)
 .ARM.attributes
                0x0000000000000b39       0x34 /usr/lib/gcc/arm-none-eabi/10.3.1/../../../arm-none-eabi/lib/thumb/v7e-m+fp/hard/libc_nano.a(lib_a-sbrkr.o)
 .ARM.attributes
                0x0000000000000b6d       0x34 /usr/lib/gcc/arm-none-eabi/10.3.1/../../../arm-none-eabi/lib/thumb/v7e-m+fp/hard/libc_nano.a(lib_a-mlock.o)
 .ARM.attributes
                0x0000000000000ba1       0x34 /usr/lib/gcc/arm-none-eabi/10.3.1/../../../arm-none-eabi/lib/thumb/v7e-m+fp/hard/libc_nano.a(lib_a-nano-msizer.o)
 .ARM.attributes
                0x0000000000000bd5       0x34 /usr/lib/gcc/arm-none-eabi/10.3.1/../../../arm-none-eabi/lib/thumb/v7e-m+fp/hard/libc_nano.a(lib_a-reent.o)
 .ARM.attributes
                0x0000000000000c09       0x1e /usr/lib/gcc/arm-none-eabi/10.3.1/thumb/v7e-m+fp/hard/libgcc.a(_aeabi_uldivmod.o)
 .ARM.attributes
                0x0000000000000c27       0x34 /usr/lib/gcc/arm-none-eabi/10.3.1/thumb/v7e-m+fp/hard/libgcc.a(_udivmoddi4.o)
 .ARM.attributes
                0x0000000000000c5b       0x1e /usr/lib/gcc/arm-none-eabi/10.3.1/thumb/v7e-m+fp/hard/libgcc.a(_dvmd_tls.o)
 .ARM.attributes
                0x0000000000000c79       0x32 /usr/lib/gcc/arm-none-eabi/10.3.1/thumb/v7e-m+fp/hard/crtend.o
 .ARM.attributes
                0x0000000000000cab       0x1e /usr/lib/gcc/arm-none-eabi/10.3.1/thumb/v7e-m+fp/hard/crtn.o
OUTPUT(build/NEW_G4_software.elf elf32-littlearm)
LOAD linker stubs
LOAD /usr/lib/gcc/arm-none-eabi/10.3.1/../../../arm-none-eabi/lib/thumb/v7e-m+fp/hard/libc.a
LOAD /usr/lib/gcc/arm-none-eabi/10.3.1/../../../arm-none-eabi/lib/thumb/v7e-m+fp/hard/libm.a
LOAD /usr/lib/gcc/arm-none-eabi/10.3.1/thumb/v7e-m+fp/hard/libgcc.a

.comment        0x0000000000000000       0x33
 .comment       0x0000000000000000       0x33 /usr/lib/gcc/arm-none-eabi/10.3.1/thumb/v7e-m+fp/hard/crtbegin.o
                                         0x34 (size before relaxing)
 .comment       0x0000000000000033       0x34 build/main.o
 .comment       0x0000000000000033       0x34 build/gpio.o
 .comment       0x0000000000000033       0x34 build/adc.o
 .comment       0x0000000000000033       0x34 build/dac.o
 .comment       0x0000000000000033       0x34 build/i2c.o
 .comment       0x0000000000000033       0x34 build/rtc.o
 .comment       0x0000000000000033       0x34 build/spi.o
 .comment       0x0000000000000033       0x34 build/usart.o
 .comment       0x0000000000000033       0x34 build/ucpd.o
 .comment       0x0000000000000033       0x34 build/stm32g4xx_it.o
 .comment       0x0000000000000033       0x34 build/stm32g4xx_hal_msp.o
 .comment       0x0000000000000033       0x34 build/usb_device.o
 .comment       0x0000000000000033       0x34 build/usbd_desc.o
 .comment       0x0000000000000033       0x34 build/usbd_cdc_if.o
 .comment       0x0000000000000033       0x34 build/usbd_conf.o
 .comment       0x0000000000000033       0x34 build/stm32g4xx_hal_pcd.o
 .comment       0x0000000000000033       0x34 build/stm32g4xx_hal_pcd_ex.o
 .comment       0x0000000000000033       0x34 build/stm32g4xx_ll_usb.o
 .comment       0x0000000000000033       0x34 build/stm32g4xx_hal.o
 .comment       0x0000000000000033       0x34 build/stm32g4xx_hal_rcc.o
 .comment       0x0000000000000033       0x34 build/stm32g4xx_hal_rcc_ex.o
 .comment       0x0000000000000033       0x34 build/stm32g4xx_hal_gpio.o
 .comment       0x0000000000000033       0x34 build/stm32g4xx_hal_pwr_ex.o
 .comment       0x0000000000000033       0x34 build/stm32g4xx_hal_cortex.o
 .comment       0x0000000000000033       0x34 build/stm32g4xx_hal_adc.o
 .comment       0x0000000000000033       0x34 build/stm32g4xx_hal_adc_ex.o
 .comment       0x0000000000000033       0x34 build/stm32g4xx_hal_dac.o
 .comment       0x0000000000000033       0x34 build/stm32g4xx_hal_i2c.o
 .comment       0x0000000000000033       0x34 build/stm32g4xx_hal_i2c_ex.o
 .comment       0x0000000000000033       0x34 build/stm32g4xx_hal_rtc.o
 .comment       0x0000000000000033       0x34 build/stm32g4xx_hal_rtc_ex.o
 .comment       0x0000000000000033       0x34 build/stm32g4xx_hal_spi.o
 .comment       0x0000000000000033       0x34 build/stm32g4xx_hal_uart.o
 .comment       0x0000000000000033       0x34 build/stm32g4xx_hal_uart_ex.o
 .comment       0x0000000000000033       0x34 build/stm32g4xx_ll_gpio.o
 .comment       0x0000000000000033       0x34 build/system_stm32g4xx.o
 .comment       0x0000000000000033       0x34 build/usbd_core.o
 .comment       0x0000000000000033       0x34 build/usbd_ctlreq.o
 .comment       0x0000000000000033       0x34 build/usbd_ioreq.o
 .comment       0x0000000000000033       0x34 build/usbd_cdc.o
 .comment       0x0000000000000033       0x34 build/sysmem.o
 .comment       0x0000000000000033       0x34 /usr/lib/gcc/arm-none-eabi/10.3.1/../../../arm-none-eabi/lib/thumb/v7e-m+fp/hard/libc_nano.a(lib_a-errno.o)
 .comment       0x0000000000000033       0x34 /usr/lib/gcc/arm-none-eabi/10.3.1/../../../arm-none-eabi/lib/thumb/v7e-m+fp/hard/libc_nano.a(lib_a-impure.o)
 .comment       0x0000000000000033       0x34 /usr/lib/gcc/arm-none-eabi/10.3.1/../../../arm-none-eabi/lib/thumb/v7e-m+fp/hard/libc_nano.a(lib_a-init.o)
 .comment       0x0000000000000033       0x34 /usr/lib/gcc/arm-none-eabi/10.3.1/../../../arm-none-eabi/lib/thumb/v7e-m+fp/hard/libc_nano.a(lib_a-memset.o)
 .comment       0x0000000000000033       0x34 /usr/lib/gcc/arm-none-eabi/10.3.1/../../../arm-none-eabi/lib/thumb/v7e-m+fp/hard/libc_nano.a(lib_a-snprintf.o)
 .comment       0x0000000000000033       0x34 /usr/lib/gcc/arm-none-eabi/10.3.1/../../../arm-none-eabi/lib/thumb/v7e-m+fp/hard/libc_nano.a(lib_a-nano-svfprintf.o)
 .comment       0x0000000000000033       0x34 /usr/lib/gcc/arm-none-eabi/10.3.1/../../../arm-none-eabi/lib/thumb/v7e-m+fp/hard/libc_nano.a(lib_a-nano-vfprintf_i.o)
 .comment       0x0000000000000033       0x34 /usr/lib/gcc/arm-none-eabi/10.3.1/../../../arm-none-eabi/lib/thumb/v7e-m+fp/hard/libc_nano.a(lib_a-memmove.o)
 .comment       0x0000000000000033       0x34 /usr/lib/gcc/arm-none-eabi/10.3.1/../../../arm-none-eabi/lib/thumb/v7e-m+fp/hard/libc_nano.a(lib_a-nano-freer.o)
 .comment       0x0000000000000033       0x34 /usr/lib/gcc/arm-none-eabi/10.3.1/../../../arm-none-eabi/lib/thumb/v7e-m+fp/hard/libc_nano.a(lib_a-nano-mallocr.o)
 .comment       0x0000000000000033       0x34 /usr/lib/gcc/arm-none-eabi/10.3.1/../../../arm-none-eabi/lib/thumb/v7e-m+fp/hard/libc_nano.a(lib_a-nano-reallocr.o)
 .comment       0x0000000000000033       0x34 /usr/lib/gcc/arm-none-eabi/10.3.1/../../../arm-none-eabi/lib/thumb/v7e-m+fp/hard/libc_nano.a(lib_a-sbrkr.o)
 .comment       0x0000000000000033       0x34 /usr/lib/gcc/arm-none-eabi/10.3.1/../../../arm-none-eabi/lib/thumb/v7e-m+fp/hard/libc_nano.a(lib_a-mlock.o)
 .comment       0x0000000000000033       0x34 /usr/lib/gcc/arm-none-eabi/10.3.1/../../../arm-none-eabi/lib/thumb/v7e-m+fp/hard/libc_nano.a(lib_a-nano-msizer.o)
 .comment       0x0000000000000033       0x34 /usr/lib/gcc/arm-none-eabi/10.3.1/../../../arm-none-eabi/lib/thumb/v7e-m+fp/hard/libc_nano.a(lib_a-reent.o)
 .comment       0x0000000000000033       0x34 /usr/lib/gcc/arm-none-eabi/10.3.1/thumb/v7e-m+fp/hard/libgcc.a(_udivmoddi4.o)
 .comment       0x0000000000000033       0x34 /usr/lib/gcc/arm-none-eabi/10.3.1/thumb/v7e-m+fp/hard/crtend.o

.debug_info     0x0000000000000000    0x3bebb
 .debug_info    0x0000000000000000      0xd1e build/main.o
 .debug_info    0x0000000000000d1e      0x6c8 build/gpio.o
 .debug_info    0x00000000000013e6     0x13d5 build/adc.o
 .debug_info    0x00000000000027bb      0xde9 build/dac.o
 .debug_info    0x00000000000035a4      0xf5d build/i2c.o
 .debug_info    0x0000000000004501      0x912 build/rtc.o
 .debug_info    0x0000000000004e13      0xd32 build/spi.o
 .debug_info    0x0000000000005b45      0xffa build/usart.o
 .debug_info    0x0000000000006b3f      0x5b9 build/ucpd.o
 .debug_info    0x00000000000070f8      0x76c build/stm32g4xx_it.o
 .debug_info    0x0000000000007864      0x3ae build/stm32g4xx_hal_msp.o
 .debug_info    0x0000000000007c12      0x7c4 build/usb_device.o
 .debug_info    0x00000000000083d6      0x648 build/usbd_desc.o
 .debug_info    0x0000000000008a1e      0xa5b build/usbd_cdc_if.o
 .debug_info    0x0000000000009479     0x22b7 build/usbd_conf.o
 .debug_info    0x000000000000b730     0x1c90 build/stm32g4xx_hal_pcd.o
 .debug_info    0x000000000000d3c0      0xa71 build/stm32g4xx_hal_pcd_ex.o
 .debug_info    0x000000000000de31     0x1baf build/stm32g4xx_ll_usb.o
 .debug_info    0x000000000000f9e0      0xcd8 build/stm32g4xx_hal.o
 .debug_info    0x00000000000106b8      0xfc3 build/stm32g4xx_hal_rcc.o
 .debug_info    0x000000000001167b     0x101d build/stm32g4xx_hal_rcc_ex.o
 .debug_info    0x0000000000012698      0x915 build/stm32g4xx_hal_gpio.o
 .debug_info    0x0000000000012fad      0xb08 build/stm32g4xx_hal_pwr_ex.o
 .debug_info    0x0000000000013ab5     0x114f build/stm32g4xx_hal_cortex.o
 .debug_info    0x0000000000014c04     0x3908 build/stm32g4xx_hal_adc.o
 .debug_info    0x000000000001850c     0x316f build/stm32g4xx_hal_adc_ex.o
 .debug_info    0x000000000001b67b      0xf8a build/stm32g4xx_hal_dac.o
 .debug_info    0x000000000001c605     0x4784 build/stm32g4xx_hal_i2c.o
 .debug_info    0x0000000000020d89      0xc82 build/stm32g4xx_hal_i2c_ex.o
 .debug_info    0x0000000000021a0b     0x1366 build/stm32g4xx_hal_rtc.o
 .debug_info    0x0000000000022d71     0x1783 build/stm32g4xx_hal_rtc_ex.o
 .debug_info    0x00000000000244f4     0x2432 build/stm32g4xx_hal_spi.o
 .debug_info    0x0000000000026926     0x664b build/stm32g4xx_hal_uart.o
 .debug_info    0x000000000002cf71     0x1389 build/stm32g4xx_hal_uart_ex.o
 .debug_info    0x000000000002e2fa      0xe7a build/stm32g4xx_ll_gpio.o
 .debug_info    0x000000000002f174      0x631 build/system_stm32g4xx.o
 .debug_info    0x000000000002f7a5      0xf3f build/usbd_core.o
 .debug_info    0x00000000000306e4     0x13ec build/usbd_ctlreq.o
 .debug_info    0x0000000000031ad0      0x923 build/usbd_ioreq.o
 .debug_info    0x00000000000323f3     0x15cc build/usbd_cdc.o
 .debug_info    0x00000000000339bf      0x16d build/sysmem.o
 .debug_info    0x0000000000033b2c       0x22 build/startup_stm32g431xx.o
 .debug_info    0x0000000000033b4e      0x7ae /usr/lib/gcc/arm-none-eabi/10.3.1/../../../arm-none-eabi/lib/thumb/v7e-m+fp/hard/libc_nano.a(lib_a-errno.o)
 .debug_info    0x00000000000342fc      0x863 /usr/lib/gcc/arm-none-eabi/10.3.1/../../../arm-none-eabi/lib/thumb/v7e-m+fp/hard/libc_nano.a(lib_a-impure.o)
 .debug_info    0x0000000000034b5f      0x11a /usr/lib/gcc/arm-none-eabi/10.3.1/../../../arm-none-eabi/lib/thumb/v7e-m+fp/hard/libc_nano.a(lib_a-init.o)
 .debug_info    0x0000000000034c79      0x137 /usr/lib/gcc/arm-none-eabi/10.3.1/../../../arm-none-eabi/lib/thumb/v7e-m+fp/hard/libc_nano.a(lib_a-memset.o)
 .debug_info    0x0000000000034db0      0x9b5 /usr/lib/gcc/arm-none-eabi/10.3.1/../../../arm-none-eabi/lib/thumb/v7e-m+fp/hard/libc_nano.a(lib_a-snprintf.o)
 .debug_info    0x0000000000035765     0x10d5 /usr/lib/gcc/arm-none-eabi/10.3.1/../../../arm-none-eabi/lib/thumb/v7e-m+fp/hard/libc_nano.a(lib_a-nano-svfprintf.o)
 .debug_info    0x000000000003683a      0xe9e /usr/lib/gcc/arm-none-eabi/10.3.1/../../../arm-none-eabi/lib/thumb/v7e-m+fp/hard/libc_nano.a(lib_a-nano-vfprintf_i.o)
 .debug_info    0x00000000000376d8       0x26 /usr/lib/gcc/arm-none-eabi/10.3.1/../../../arm-none-eabi/lib/thumb/v7e-m+fp/hard/libc_nano.a(lib_a-memchr.o)
 .debug_info    0x00000000000376fe       0x26 /usr/lib/gcc/arm-none-eabi/10.3.1/../../../arm-none-eabi/lib/thumb/v7e-m+fp/hard/libc_nano.a(lib_a-memcpy.o)
 .debug_info    0x0000000000037724      0x152 /usr/lib/gcc/arm-none-eabi/10.3.1/../../../arm-none-eabi/lib/thumb/v7e-m+fp/hard/libc_nano.a(lib_a-memmove.o)
 .debug_info    0x0000000000037876      0x903 /usr/lib/gcc/arm-none-eabi/10.3.1/../../../arm-none-eabi/lib/thumb/v7e-m+fp/hard/libc_nano.a(lib_a-nano-freer.o)
 .debug_info    0x0000000000038179      0xa0c /usr/lib/gcc/arm-none-eabi/10.3.1/../../../arm-none-eabi/lib/thumb/v7e-m+fp/hard/libc_nano.a(lib_a-nano-mallocr.o)
 .debug_info    0x0000000000038b85      0x911 /usr/lib/gcc/arm-none-eabi/10.3.1/../../../arm-none-eabi/lib/thumb/v7e-m+fp/hard/libc_nano.a(lib_a-nano-reallocr.o)
 .debug_info    0x0000000000039496      0x828 /usr/lib/gcc/arm-none-eabi/10.3.1/../../../arm-none-eabi/lib/thumb/v7e-m+fp/hard/libc_nano.a(lib_a-sbrkr.o)
 .debug_info    0x0000000000039cbe      0x7dc /usr/lib/gcc/arm-none-eabi/10.3.1/../../../arm-none-eabi/lib/thumb/v7e-m+fp/hard/libc_nano.a(lib_a-mlock.o)
 .debug_info    0x000000000003a49a      0x840 /usr/lib/gcc/arm-none-eabi/10.3.1/../../../arm-none-eabi/lib/thumb/v7e-m+fp/hard/libc_nano.a(lib_a-nano-msizer.o)
 .debug_info    0x000000000003acda      0xa7e /usr/lib/gcc/arm-none-eabi/10.3.1/../../../arm-none-eabi/lib/thumb/v7e-m+fp/hard/libc_nano.a(lib_a-reent.o)
 .debug_info    0x000000000003b758       0x26 /usr/lib/gcc/arm-none-eabi/10.3.1/thumb/v7e-m+fp/hard/libgcc.a(_aeabi_uldivmod.o)
 .debug_info    0x000000000003b77e      0x717 /usr/lib/gcc/arm-none-eabi/10.3.1/thumb/v7e-m+fp/hard/libgcc.a(_udivmoddi4.o)
 .debug_info    0x000000000003be95       0x26 /usr/lib/gcc/arm-none-eabi/10.3.1/thumb/v7e-m+fp/hard/libgcc.a(_dvmd_tls.o)

.debug_abbrev   0x0000000000000000     0x79f9
 .debug_abbrev  0x0000000000000000      0x25c build/main.o
 .debug_abbrev  0x000000000000025c      0x169 build/gpio.o
 .debug_abbrev  0x00000000000003c5      0x201 build/adc.o
 .debug_abbrev  0x00000000000005c6      0x201 build/dac.o
 .debug_abbrev  0x00000000000007c7      0x20c build/i2c.o
 .debug_abbrev  0x00000000000009d3      0x1ea build/rtc.o
 .debug_abbrev  0x0000000000000bbd      0x1ef build/spi.o
 .debug_abbrev  0x0000000000000dac      0x201 build/usart.o
 .debug_abbrev  0x0000000000000fad      0x1a0 build/ucpd.o
 .debug_abbrev  0x000000000000114d      0x180 build/stm32g4xx_it.o
 .debug_abbrev  0x00000000000012cd       0xeb build/stm32g4xx_hal_msp.o
 .debug_abbrev  0x00000000000013b8      0x199 build/usb_device.o
 .debug_abbrev  0x0000000000001551      0x22e build/usbd_desc.o
 .debug_abbrev  0x000000000000177f      0x2cc build/usbd_cdc_if.o
 .debug_abbrev  0x0000000000001a4b      0x325 build/usbd_conf.o
 .debug_abbrev  0x0000000000001d70      0x2cc build/stm32g4xx_hal_pcd.o
 .debug_abbrev  0x000000000000203c      0x23d build/stm32g4xx_hal_pcd_ex.o
 .debug_abbrev  0x0000000000002279      0x2f4 build/stm32g4xx_ll_usb.o
 .debug_abbrev  0x000000000000256d      0x25d build/stm32g4xx_hal.o
 .debug_abbrev  0x00000000000027ca      0x2ac build/stm32g4xx_hal_rcc.o
 .debug_abbrev  0x0000000000002a76      0x262 build/stm32g4xx_hal_rcc_ex.o
 .debug_abbrev  0x0000000000002cd8      0x222 build/stm32g4xx_hal_gpio.o
 .debug_abbrev  0x0000000000002efa      0x264 build/stm32g4xx_hal_pwr_ex.o
 .debug_abbrev  0x000000000000315e      0x379 build/stm32g4xx_hal_cortex.o
 .debug_abbrev  0x00000000000034d7      0x308 build/stm32g4xx_hal_adc.o
 .debug_abbrev  0x00000000000037df      0x37b build/stm32g4xx_hal_adc_ex.o
 .debug_abbrev  0x0000000000003b5a      0x23e build/stm32g4xx_hal_dac.o
 .debug_abbrev  0x0000000000003d98      0x2b0 build/stm32g4xx_hal_i2c.o
 .debug_abbrev  0x0000000000004048      0x1b5 build/stm32g4xx_hal_i2c_ex.o
 .debug_abbrev  0x00000000000041fd      0x1ec build/stm32g4xx_hal_rtc.o
 .debug_abbrev  0x00000000000043e9      0x24d build/stm32g4xx_hal_rtc_ex.o
 .debug_abbrev  0x0000000000004636      0x285 build/stm32g4xx_hal_spi.o
 .debug_abbrev  0x00000000000048bb      0x343 build/stm32g4xx_hal_uart.o
 .debug_abbrev  0x0000000000004bfe      0x311 build/stm32g4xx_hal_uart_ex.o
 .debug_abbrev  0x0000000000004f0f      0x2b4 build/stm32g4xx_ll_gpio.o
 .debug_abbrev  0x00000000000051c3      0x11b build/system_stm32g4xx.o
 .debug_abbrev  0x00000000000052de      0x27e build/usbd_core.o
 .debug_abbrev  0x000000000000555c      0x369 build/usbd_ctlreq.o
 .debug_abbrev  0x00000000000058c5      0x187 build/usbd_ioreq.o
 .debug_abbrev  0x0000000000005a4c      0x2ea build/usbd_cdc.o
 .debug_abbrev  0x0000000000005d36       0xea build/sysmem.o
 .debug_abbrev  0x0000000000005e20       0x12 build/startup_stm32g431xx.o
 .debug_abbrev  0x0000000000005e32      0x157 /usr/lib/gcc/arm-none-eabi/10.3.1/../../../arm-none-eabi/lib/thumb/v7e-m+fp/hard/libc_nano.a(lib_a-errno.o)
 .debug_abbrev  0x0000000000005f89      0x151 /usr/lib/gcc/arm-none-eabi/10.3.1/../../../arm-none-eabi/lib/thumb/v7e-m+fp/hard/libc_nano.a(lib_a-impure.o)
 .debug_abbrev  0x00000000000060da       0xcc /usr/lib/gcc/arm-none-eabi/10.3.1/../../../arm-none-eabi/lib/thumb/v7e-m+fp/hard/libc_nano.a(lib_a-init.o)
 .debug_abbrev  0x00000000000061a6       0xb4 /usr/lib/gcc/arm-none-eabi/10.3.1/../../../arm-none-eabi/lib/thumb/v7e-m+fp/hard/libc_nano.a(lib_a-memset.o)
 .debug_abbrev  0x000000000000625a      0x216 /usr/lib/gcc/arm-none-eabi/10.3.1/../../../arm-none-eabi/lib/thumb/v7e-m+fp/hard/libc_nano.a(lib_a-snprintf.o)
 .debug_abbrev  0x0000000000006470      0x2ca /usr/lib/gcc/arm-none-eabi/10.3.1/../../../arm-none-eabi/lib/thumb/v7e-m+fp/hard/libc_nano.a(lib_a-nano-svfprintf.o)
 .debug_abbrev  0x000000000000673a      0x25c /usr/lib/gcc/arm-none-eabi/10.3.1/../../../arm-none-eabi/lib/thumb/v7e-m+fp/hard/libc_nano.a(lib_a-nano-vfprintf_i.o)
 .debug_abbrev  0x0000000000006996       0x14 /usr/lib/gcc/arm-none-eabi/10.3.1/../../../arm-none-eabi/lib/thumb/v7e-m+fp/hard/libc_nano.a(lib_a-memchr.o)
 .debug_abbrev  0x00000000000069aa       0x14 /usr/lib/gcc/arm-none-eabi/10.3.1/../../../arm-none-eabi/lib/thumb/v7e-m+fp/hard/libc_nano.a(lib_a-memcpy.o)
 .debug_abbrev  0x00000000000069be       0xc0 /usr/lib/gcc/arm-none-eabi/10.3.1/../../../arm-none-eabi/lib/thumb/v7e-m+fp/hard/libc_nano.a(lib_a-memmove.o)
 .debug_abbrev  0x0000000000006a7e      0x235 /usr/lib/gcc/arm-none-eabi/10.3.1/../../../arm-none-eabi/lib/thumb/v7e-m+fp/hard/libc_nano.a(lib_a-nano-freer.o)
 .debug_abbrev  0x0000000000006cb3      0x290 /usr/lib/gcc/arm-none-eabi/10.3.1/../../../arm-none-eabi/lib/thumb/v7e-m+fp/hard/libc_nano.a(lib_a-nano-mallocr.o)
 .debug_abbrev  0x0000000000006f43      0x1d6 /usr/lib/gcc/arm-none-eabi/10.3.1/../../../arm-none-eabi/lib/thumb/v7e-m+fp/hard/libc_nano.a(lib_a-nano-reallocr.o)
 .debug_abbrev  0x0000000000007119      0x1d6 /usr/lib/gcc/arm-none-eabi/10.3.1/../../../arm-none-eabi/lib/thumb/v7e-m+fp/hard/libc_nano.a(lib_a-sbrkr.o)
 .debug_abbrev  0x00000000000072ef      0x189 /usr/lib/gcc/arm-none-eabi/10.3.1/../../../arm-none-eabi/lib/thumb/v7e-m+fp/hard/libc_nano.a(lib_a-mlock.o)
 .debug_abbrev  0x0000000000007478      0x191 /usr/lib/gcc/arm-none-eabi/10.3.1/../../../arm-none-eabi/lib/thumb/v7e-m+fp/hard/libc_nano.a(lib_a-nano-msizer.o)
 .debug_abbrev  0x0000000000007609      0x265 /usr/lib/gcc/arm-none-eabi/10.3.1/../../../arm-none-eabi/lib/thumb/v7e-m+fp/hard/libc_nano.a(lib_a-reent.o)
 .debug_abbrev  0x000000000000786e       0x14 /usr/lib/gcc/arm-none-eabi/10.3.1/thumb/v7e-m+fp/hard/libgcc.a(_aeabi_uldivmod.o)
 .debug_abbrev  0x0000000000007882      0x163 /usr/lib/gcc/arm-none-eabi/10.3.1/thumb/v7e-m+fp/hard/libgcc.a(_udivmoddi4.o)
 .debug_abbrev  0x00000000000079e5       0x14 /usr/lib/gcc/arm-none-eabi/10.3.1/thumb/v7e-m+fp/hard/libgcc.a(_dvmd_tls.o)

.debug_loc      0x0000000000000000    0x273dc
 .debug_loc     0x0000000000000000       0xb8 build/main.o
 .debug_loc     0x00000000000000b8       0x39 build/gpio.o
 .debug_loc     0x00000000000000f1      0x1a9 build/adc.o
 .debug_loc     0x000000000000029a      0x12c build/dac.o
 .debug_loc     0x00000000000003c6      0x124 build/i2c.o
 .debug_loc     0x00000000000004ea       0x88 build/rtc.o
 .debug_loc     0x0000000000000572      0x108 build/spi.o
 .debug_loc     0x000000000000067a       0xea build/usart.o
 .debug_loc     0x0000000000000764       0x66 build/ucpd.o
 .debug_loc     0x00000000000007ca       0x40 build/stm32g4xx_it.o
 .debug_loc     0x000000000000080a       0x2c build/stm32g4xx_hal_msp.o
 .debug_loc     0x0000000000000836       0x20 build/usb_device.o
 .debug_loc     0x0000000000000856      0x47b build/usbd_desc.o
 .debug_loc     0x0000000000000cd1      0x1bc build/usbd_cdc_if.o
 .debug_loc     0x0000000000000e8d      0xffb build/usbd_conf.o
 .debug_loc     0x0000000000001e88     0x1868 build/stm32g4xx_hal_pcd.o
 .debug_loc     0x00000000000036f0      0x2a2 build/stm32g4xx_hal_pcd_ex.o
 .debug_loc     0x0000000000003992     0x19e2 build/stm32g4xx_ll_usb.o
 .debug_loc     0x0000000000005374      0x2af build/stm32g4xx_hal.o
 .debug_loc     0x0000000000005623      0x999 build/stm32g4xx_hal_rcc.o
 .debug_loc     0x0000000000005fbc     0x12f1 build/stm32g4xx_hal_rcc_ex.o
 .debug_loc     0x00000000000072ad      0x46f build/stm32g4xx_hal_gpio.o
 .debug_loc     0x000000000000771c      0xa26 build/stm32g4xx_hal_pwr_ex.o
 .debug_loc     0x0000000000008142      0x796 build/stm32g4xx_hal_cortex.o
 .debug_loc     0x00000000000088d8     0x2af6 build/stm32g4xx_hal_adc.o
 .debug_loc     0x000000000000b3ce     0x282a build/stm32g4xx_hal_adc_ex.o
 .debug_loc     0x000000000000dbf8      0xbf4 build/stm32g4xx_hal_dac.o
 .debug_loc     0x000000000000e7ec     0x5dee build/stm32g4xx_hal_i2c.o
 .debug_loc     0x00000000000145da      0x25a build/stm32g4xx_hal_i2c_ex.o
 .debug_loc     0x0000000000014834      0xf4b build/stm32g4xx_hal_rtc.o
 .debug_loc     0x000000000001577f     0x130c build/stm32g4xx_hal_rtc_ex.o
 .debug_loc     0x0000000000016a8b     0x2970 build/stm32g4xx_hal_spi.o
 .debug_loc     0x00000000000193fb     0x61ef build/stm32g4xx_hal_uart.o
 .debug_loc     0x000000000001f5ea      0xe2a build/stm32g4xx_hal_uart_ex.o
 .debug_loc     0x0000000000020414      0x863 build/stm32g4xx_ll_gpio.o
 .debug_loc     0x0000000000020c77       0x9d build/system_stm32g4xx.o
 .debug_loc     0x0000000000020d14      0xdea build/usbd_core.o
 .debug_loc     0x0000000000021afe     0x18f8 build/usbd_ctlreq.o
 .debug_loc     0x00000000000233f6      0x398 build/usbd_ioreq.o
 .debug_loc     0x000000000002378e      0xb08 build/usbd_cdc.o
 .debug_loc     0x0000000000024296       0x84 build/sysmem.o
 .debug_loc     0x000000000002431a       0xba /usr/lib/gcc/arm-none-eabi/10.3.1/../../../arm-none-eabi/lib/thumb/v7e-m+fp/hard/libc_nano.a(lib_a-init.o)
 .debug_loc     0x00000000000243d4      0x22c /usr/lib/gcc/arm-none-eabi/10.3.1/../../../arm-none-eabi/lib/thumb/v7e-m+fp/hard/libc_nano.a(lib_a-memset.o)
 .debug_loc     0x0000000000024600      0x2b1 /usr/lib/gcc/arm-none-eabi/10.3.1/../../../arm-none-eabi/lib/thumb/v7e-m+fp/hard/libc_nano.a(lib_a-snprintf.o)
 .debug_loc     0x00000000000248b1      0x82e /usr/lib/gcc/arm-none-eabi/10.3.1/../../../arm-none-eabi/lib/thumb/v7e-m+fp/hard/libc_nano.a(lib_a-nano-svfprintf.o)
 .debug_loc     0x00000000000250df      0x5dd /usr/lib/gcc/arm-none-eabi/10.3.1/../../../arm-none-eabi/lib/thumb/v7e-m+fp/hard/libc_nano.a(lib_a-nano-vfprintf_i.o)
 .debug_loc     0x00000000000256bc      0x34f /usr/lib/gcc/arm-none-eabi/10.3.1/../../../arm-none-eabi/lib/thumb/v7e-m+fp/hard/libc_nano.a(lib_a-memmove.o)
 .debug_loc     0x0000000000025a0b      0x203 /usr/lib/gcc/arm-none-eabi/10.3.1/../../../arm-none-eabi/lib/thumb/v7e-m+fp/hard/libc_nano.a(lib_a-nano-freer.o)
 .debug_loc     0x0000000000025c0e      0x3cd /usr/lib/gcc/arm-none-eabi/10.3.1/../../../arm-none-eabi/lib/thumb/v7e-m+fp/hard/libc_nano.a(lib_a-nano-mallocr.o)
 .debug_loc     0x0000000000025fdb      0x133 /usr/lib/gcc/arm-none-eabi/10.3.1/../../../arm-none-eabi/lib/thumb/v7e-m+fp/hard/libc_nano.a(lib_a-nano-reallocr.o)
 .debug_loc     0x000000000002610e       0x6c /usr/lib/gcc/arm-none-eabi/10.3.1/../../../arm-none-eabi/lib/thumb/v7e-m+fp/hard/libc_nano.a(lib_a-sbrkr.o)
 .debug_loc     0x000000000002617a       0x86 /usr/lib/gcc/arm-none-eabi/10.3.1/../../../arm-none-eabi/lib/thumb/v7e-m+fp/hard/libc_nano.a(lib_a-nano-msizer.o)
 .debug_loc     0x0000000000026200      0x1cd /usr/lib/gcc/arm-none-eabi/10.3.1/../../../arm-none-eabi/lib/thumb/v7e-m+fp/hard/libc_nano.a(lib_a-reent.o)
 .debug_loc     0x00000000000263cd     0x100f /usr/lib/gcc/arm-none-eabi/10.3.1/thumb/v7e-m+fp/hard/libgcc.a(_udivmoddi4.o)

.debug_aranges  0x0000000000000000     0x1d40
 .debug_aranges
                0x0000000000000000       0x30 build/main.o
 .debug_aranges
                0x0000000000000030       0x20 build/gpio.o
 .debug_aranges
                0x0000000000000050       0x38 build/adc.o
 .debug_aranges
                0x0000000000000088       0x30 build/dac.o
 .debug_aranges
                0x00000000000000b8       0x30 build/i2c.o
 .debug_aranges
                0x00000000000000e8       0x30 build/rtc.o
 .debug_aranges
                0x0000000000000118       0x30 build/spi.o
 .debug_aranges
                0x0000000000000148       0x30 build/usart.o
 .debug_aranges
                0x0000000000000178       0x20 build/ucpd.o
 .debug_aranges
                0x0000000000000198       0x68 build/stm32g4xx_it.o
 .debug_aranges
                0x0000000000000200       0x20 build/stm32g4xx_hal_msp.o
 .debug_aranges
                0x0000000000000220       0x20 build/usb_device.o
 .debug_aranges
                0x0000000000000240       0x60 build/usbd_desc.o
 .debug_aranges
                0x00000000000002a0       0x48 build/usbd_cdc_if.o
 .debug_aranges
                0x00000000000002e8      0x120 build/usbd_conf.o
 .debug_aranges
                0x0000000000000408      0x138 build/stm32g4xx_hal_pcd.o
 .debug_aranges
                0x0000000000000540       0x58 build/stm32g4xx_hal_pcd_ex.o
 .debug_aranges
                0x0000000000000598       0xc8 build/stm32g4xx_ll_usb.o
 .debug_aranges
                0x0000000000000660      0x148 build/stm32g4xx_hal.o
 .debug_aranges
                0x00000000000007a8       0x98 build/stm32g4xx_hal_rcc.o
 .debug_aranges
                0x0000000000000840       0xb0 build/stm32g4xx_hal_rcc_ex.o
 .debug_aranges
                0x00000000000008f0       0x58 build/stm32g4xx_hal_gpio.o
 .debug_aranges
                0x0000000000000948      0x140 build/stm32g4xx_hal_pwr_ex.o
 .debug_aranges
                0x0000000000000a88       0xb8 build/stm32g4xx_hal_cortex.o
 .debug_aranges
                0x0000000000000b40      0x108 build/stm32g4xx_hal_adc.o
 .debug_aranges
                0x0000000000000c48       0xf0 build/stm32g4xx_hal_adc_ex.o
 .debug_aranges
                0x0000000000000d38       0xc0 build/stm32g4xx_hal_dac.o
 .debug_aranges
                0x0000000000000df8      0x2a0 build/stm32g4xx_hal_i2c.o
 .debug_aranges
                0x0000000000001098       0x48 build/stm32g4xx_hal_i2c_ex.o
 .debug_aranges
                0x00000000000010e0       0xe8 build/stm32g4xx_hal_rtc.o
 .debug_aranges
                0x00000000000011c8      0x178 build/stm32g4xx_hal_rtc_ex.o
 .debug_aranges
                0x0000000000001340      0x1d8 build/stm32g4xx_hal_spi.o
 .debug_aranges
                0x0000000000001518      0x248 build/stm32g4xx_hal_uart.o
 .debug_aranges
                0x0000000000001760       0xa8 build/stm32g4xx_hal_uart_ex.o
 .debug_aranges
                0x0000000000001808       0x30 build/stm32g4xx_ll_gpio.o
 .debug_aranges
                0x0000000000001838       0x28 build/system_stm32g4xx.o
 .debug_aranges
                0x0000000000001860       0xb8 build/usbd_core.o
 .debug_aranges
                0x0000000000001918       0x88 build/usbd_ctlreq.o
 .debug_aranges
                0x00000000000019a0       0x50 build/usbd_ioreq.o
 .debug_aranges
                0x00000000000019f0       0x90 build/usbd_cdc.o
 .debug_aranges
                0x0000000000001a80       0x20 build/sysmem.o
 .debug_aranges
                0x0000000000001aa0       0x28 build/startup_stm32g431xx.o
 .debug_aranges
                0x0000000000001ac8       0x20 /usr/lib/gcc/arm-none-eabi/10.3.1/../../../arm-none-eabi/lib/thumb/v7e-m+fp/hard/libc_nano.a(lib_a-errno.o)
 .debug_aranges
                0x0000000000001ae8       0x18 /usr/lib/gcc/arm-none-eabi/10.3.1/../../../arm-none-eabi/lib/thumb/v7e-m+fp/hard/libc_nano.a(lib_a-impure.o)
 .debug_aranges
                0x0000000000001b00       0x20 /usr/lib/gcc/arm-none-eabi/10.3.1/../../../arm-none-eabi/lib/thumb/v7e-m+fp/hard/libc_nano.a(lib_a-init.o)
 .debug_aranges
                0x0000000000001b20       0x20 /usr/lib/gcc/arm-none-eabi/10.3.1/../../../arm-none-eabi/lib/thumb/v7e-m+fp/hard/libc_nano.a(lib_a-memset.o)
 .debug_aranges
                0x0000000000001b40       0x20 /usr/lib/gcc/arm-none-eabi/10.3.1/../../../arm-none-eabi/lib/thumb/v7e-m+fp/hard/libc_nano.a(lib_a-snprintf.o)
 .debug_aranges
                0x0000000000001b60       0x20 /usr/lib/gcc/arm-none-eabi/10.3.1/../../../arm-none-eabi/lib/thumb/v7e-m+fp/hard/libc_nano.a(lib_a-nano-svfprintf.o)
 .debug_aranges
                0x0000000000001b80       0x20 /usr/lib/gcc/arm-none-eabi/10.3.1/../../../arm-none-eabi/lib/thumb/v7e-m+fp/hard/libc_nano.a(lib_a-nano-vfprintf_i.o)
 .debug_aranges
                0x0000000000001ba0       0x20 /usr/lib/gcc/arm-none-eabi/10.3.1/../../../arm-none-eabi/lib/thumb/v7e-m+fp/hard/libc_nano.a(lib_a-memchr.o)
 .debug_aranges
                0x0000000000001bc0       0x20 /usr/lib/gcc/arm-none-eabi/10.3.1/../../../arm-none-eabi/lib/thumb/v7e-m+fp/hard/libc_nano.a(lib_a-memcpy.o)
 .debug_aranges
                0x0000000000001be0       0x20 /usr/lib/gcc/arm-none-eabi/10.3.1/../../../arm-none-eabi/lib/thumb/v7e-m+fp/hard/libc_nano.a(lib_a-memmove.o)
 .debug_aranges
                0x0000000000001c00       0x20 /usr/lib/gcc/arm-none-eabi/10.3.1/../../../arm-none-eabi/lib/thumb/v7e-m+fp/hard/libc_nano.a(lib_a-nano-freer.o)
 .debug_aranges
                0x0000000000001c20       0x20 /usr/lib/gcc/arm-none-eabi/10.3.1/../../../arm-none-eabi/lib/thumb/v7e-m+fp/hard/libc_nano.a(lib_a-nano-mallocr.o)
 .debug_aranges
                0x0000000000001c40       0x20 /usr/lib/gcc/arm-none-eabi/10.3.1/../../../arm-none-eabi/lib/thumb/v7e-m+fp/hard/libc_nano.a(lib_a-nano-reallocr.o)
 .debug_aranges
                0x0000000000001c60       0x20 /usr/lib/gcc/arm-none-eabi/10.3.1/../../../arm-none-eabi/lib/thumb/v7e-m+fp/hard/libc_nano.a(lib_a-sbrkr.o)
 .debug_aranges
                0x0000000000001c80       0x20 /usr/lib/gcc/arm-none-eabi/10.3.1/../../../arm-none-eabi/lib/thumb/v7e-m+fp/hard/libc_nano.a(lib_a-mlock.o)
 .debug_aranges
                0x0000000000001ca0       0x20 /usr/lib/gcc/arm-none-eabi/10.3.1/../../../arm-none-eabi/lib/thumb/v7e-m+fp/hard/libc_nano.a(lib_a-nano-msizer.o)
 .debug_aranges
                0x0000000000001cc0       0x20 /usr/lib/gcc/arm-none-eabi/10.3.1/../../../arm-none-eabi/lib/thumb/v7e-m+fp/hard/libc_nano.a(lib_a-reent.o)
 .debug_aranges
                0x0000000000001ce0       0x20 /usr/lib/gcc/arm-none-eabi/10.3.1/thumb/v7e-m+fp/hard/libgcc.a(_aeabi_uldivmod.o)
 .debug_aranges
                0x0000000000001d00       0x20 /usr/lib/gcc/arm-none-eabi/10.3.1/thumb/v7e-m+fp/hard/libgcc.a(_udivmoddi4.o)
 .debug_aranges
                0x0000000000001d20       0x20 /usr/lib/gcc/arm-none-eabi/10.3.1/thumb/v7e-m+fp/hard/libgcc.a(_dvmd_tls.o)

.debug_ranges   0x0000000000000000     0x2278
 .debug_ranges  0x0000000000000000       0x38 build/main.o
 .debug_ranges  0x0000000000000038       0x10 build/gpio.o
 .debug_ranges  0x0000000000000048       0x28 build/adc.o
 .debug_ranges  0x0000000000000070       0x20 build/dac.o
 .debug_ranges  0x0000000000000090       0x20 build/i2c.o
 .debug_ranges  0x00000000000000b0       0x20 build/rtc.o
 .debug_ranges  0x00000000000000d0       0x20 build/spi.o
 .debug_ranges  0x00000000000000f0       0x20 build/usart.o
 .debug_ranges  0x0000000000000110       0x10 build/ucpd.o
 .debug_ranges  0x0000000000000120       0x58 build/stm32g4xx_it.o
 .debug_ranges  0x0000000000000178       0x10 build/stm32g4xx_hal_msp.o
 .debug_ranges  0x0000000000000188       0x10 build/usb_device.o
 .debug_ranges  0x0000000000000198       0x50 build/usbd_desc.o
 .debug_ranges  0x00000000000001e8       0x38 build/usbd_cdc_if.o
 .debug_ranges  0x0000000000000220      0x110 build/usbd_conf.o
 .debug_ranges  0x0000000000000330      0x208 build/stm32g4xx_hal_pcd.o
 .debug_ranges  0x0000000000000538       0x48 build/stm32g4xx_hal_pcd_ex.o
 .debug_ranges  0x0000000000000580      0x2f0 build/stm32g4xx_ll_usb.o
 .debug_ranges  0x0000000000000870      0x138 build/stm32g4xx_hal.o
 .debug_ranges  0x00000000000009a8       0xa0 build/stm32g4xx_hal_rcc.o
 .debug_ranges  0x0000000000000a48       0xb8 build/stm32g4xx_hal_rcc_ex.o
 .debug_ranges  0x0000000000000b00       0x48 build/stm32g4xx_hal_gpio.o
 .debug_ranges  0x0000000000000b48      0x130 build/stm32g4xx_hal_pwr_ex.o
 .debug_ranges  0x0000000000000c78      0x108 build/stm32g4xx_hal_cortex.o
 .debug_ranges  0x0000000000000d80      0x230 build/stm32g4xx_hal_adc.o
 .debug_ranges  0x0000000000000fb0      0x200 build/stm32g4xx_hal_adc_ex.o